Component: ARM Compiler 5.06 update 6 (build 750) Tool: armlink [4d35ed]

==============================================================================

Section Cross References

    app.o(i.AppTaskStart) refers to bsp.o(i.BSP_Init) for BSP_Init
    app.o(i.AppTaskStart) refers to cpu_core.o(i.CPU_Init) for CPU_Init
    app.o(i.AppTaskStart) refers to bsp.o(i.BSP_CPU_ClkFreq) for BSP_CPU_ClkFreq
    app.o(i.AppTaskStart) refers to os_cpu_c.o(i.OS_CPU_SysTickInit) for OS_CPU_SysTickInit
    app.o(i.AppTaskStart) refers to lib_mem.o(i.Mem_Init) for Mem_Init
    app.o(i.AppTaskStart) refers to os_stat.o(i.OSStatTaskCPUUsageInit) for OSStatTaskCPUUsageInit
    app.o(i.AppTaskStart) refers to cpu_core.o(i.CPU_IntDisMeasMaxCurReset) for CPU_IntDisMeasMaxCurReset
    app.o(i.AppTaskStart) refers to os_app_hooks.o(i.App_OS_SetAllHooks) for App_OS_SetAllHooks
    app.o(i.AppTaskStart) refers to os_task.o(i.OSTaskDel) for OSTaskDel
    app.o(i.AppTaskStart) refers to os_cfg_app.o(.constdata) for OSCfg_TickRate_Hz
    app.o(i.AppTaskStart) refers to app.o(.bss) for .bss
    app.o(i.app_start) refers to os_core.o(i.OSInit) for OSInit
    app.o(i.app_start) refers to os_task.o(i.OSTaskCreate) for OSTaskCreate
    app.o(i.app_start) refers to os_core.o(i.OSStart) for OSStart
    app.o(i.app_start) refers to app.o(.bss) for .bss
    app.o(i.app_start) refers to app.o(i.AppTaskStart) for AppTaskStart
    os_app_hooks.o(i.App_OS_ClrAllHooks) refers to cpu_a.o(.text) for CPU_SR_Save
    os_app_hooks.o(i.App_OS_ClrAllHooks) refers to cpu_core.o(i.CPU_IntDisMeasStart) for CPU_IntDisMeasStart
    os_app_hooks.o(i.App_OS_ClrAllHooks) refers to cpu_core.o(i.CPU_IntDisMeasStop) for CPU_IntDisMeasStop
    os_app_hooks.o(i.App_OS_ClrAllHooks) refers to os_var.o(.data) for OS_AppTaskCreateHookPtr
    os_app_hooks.o(i.App_OS_ClrAllHooks) refers to os_var.o(.data) for OS_AppTaskDelHookPtr
    os_app_hooks.o(i.App_OS_ClrAllHooks) refers to os_var.o(.data) for OS_AppTaskReturnHookPtr
    os_app_hooks.o(i.App_OS_ClrAllHooks) refers to os_var.o(.data) for OS_AppIdleTaskHookPtr
    os_app_hooks.o(i.App_OS_ClrAllHooks) refers to os_var.o(.data) for OS_AppStatTaskHookPtr
    os_app_hooks.o(i.App_OS_ClrAllHooks) refers to os_var.o(.data) for OS_AppTaskSwHookPtr
    os_app_hooks.o(i.App_OS_ClrAllHooks) refers to os_var.o(.data) for OS_AppTimeTickHookPtr
    os_app_hooks.o(i.App_OS_SetAllHooks) refers to cpu_a.o(.text) for CPU_SR_Save
    os_app_hooks.o(i.App_OS_SetAllHooks) refers to cpu_core.o(i.CPU_IntDisMeasStart) for CPU_IntDisMeasStart
    os_app_hooks.o(i.App_OS_SetAllHooks) refers to cpu_core.o(i.CPU_IntDisMeasStop) for CPU_IntDisMeasStop
    os_app_hooks.o(i.App_OS_SetAllHooks) refers to os_app_hooks.o(i.App_OS_TaskCreateHook) for App_OS_TaskCreateHook
    os_app_hooks.o(i.App_OS_SetAllHooks) refers to os_var.o(.data) for OS_AppTaskCreateHookPtr
    os_app_hooks.o(i.App_OS_SetAllHooks) refers to os_app_hooks.o(i.App_OS_TaskDelHook) for App_OS_TaskDelHook
    os_app_hooks.o(i.App_OS_SetAllHooks) refers to os_var.o(.data) for OS_AppTaskDelHookPtr
    os_app_hooks.o(i.App_OS_SetAllHooks) refers to os_app_hooks.o(i.App_OS_TaskReturnHook) for App_OS_TaskReturnHook
    os_app_hooks.o(i.App_OS_SetAllHooks) refers to os_var.o(.data) for OS_AppTaskReturnHookPtr
    os_app_hooks.o(i.App_OS_SetAllHooks) refers to os_app_hooks.o(i.App_OS_IdleTaskHook) for App_OS_IdleTaskHook
    os_app_hooks.o(i.App_OS_SetAllHooks) refers to os_var.o(.data) for OS_AppIdleTaskHookPtr
    os_app_hooks.o(i.App_OS_SetAllHooks) refers to os_app_hooks.o(i.App_OS_StatTaskHook) for App_OS_StatTaskHook
    os_app_hooks.o(i.App_OS_SetAllHooks) refers to os_var.o(.data) for OS_AppStatTaskHookPtr
    os_app_hooks.o(i.App_OS_SetAllHooks) refers to os_app_hooks.o(i.App_OS_TaskSwHook) for App_OS_TaskSwHook
    os_app_hooks.o(i.App_OS_SetAllHooks) refers to os_var.o(.data) for OS_AppTaskSwHookPtr
    os_app_hooks.o(i.App_OS_SetAllHooks) refers to os_app_hooks.o(i.App_OS_TimeTickHook) for App_OS_TimeTickHook
    os_app_hooks.o(i.App_OS_SetAllHooks) refers to os_var.o(.data) for OS_AppTimeTickHookPtr
    main.o(i.SystemClock_Config) refers to memseta.o(.text) for __aeabi_memclr4
    main.o(i.SystemClock_Config) refers to stm32l4xx_hal_rcc.o(i.HAL_RCC_OscConfig) for HAL_RCC_OscConfig
    main.o(i.SystemClock_Config) refers to stm32l4xx_hal_rcc.o(i.HAL_RCC_ClockConfig) for HAL_RCC_ClockConfig
    main.o(i.SystemClock_Config) refers to stm32l4xx_hal_rcc_ex.o(i.HAL_RCCEx_PeriphCLKConfig) for HAL_RCCEx_PeriphCLKConfig
    main.o(i.SystemClock_Config) refers to stm32l4xx_hal_pwr_ex.o(i.HAL_PWREx_ControlVoltageScaling) for HAL_PWREx_ControlVoltageScaling
    main.o(i.main) refers to stm32l4xx_hal.o(i.HAL_Init) for HAL_Init
    main.o(i.main) refers to main.o(i.SystemClock_Config) for SystemClock_Config
    main.o(i.main) refers to gpio.o(i.MX_GPIO_Init) for MX_GPIO_Init
    main.o(i.main) refers to dma.o(i.MX_DMA_Init) for MX_DMA_Init
[...]
    ..\\Drivers\\STM32L4xx_HAL_Driver\\Src\\stm32l4xx_hal_rtc.c 0x00000000   Number         0  stm32l4xx_hal_rtc.o ABSOLUTE
    ..\\Drivers\\STM32L4xx_HAL_Driver\\Src\\stm32l4xx_hal_rtc_ex.c 0x00000000   Number         0  stm32l4xx_hal_rtc_ex.o ABSOLUTE
    ..\\Drivers\\STM32L4xx_HAL_Driver\\Src\\stm32l4xx_hal_sd.c 0x00000000   Number         0  stm32l4xx_hal_sd.o ABSOLUTE
    ..\\Drivers\\STM32L4xx_HAL_Driver\\Src\\stm32l4xx_hal_sd_ex.c 0x00000000   Number         0  stm32l4xx_hal_sd_ex.o ABSOLUTE
    ..\\Drivers\\STM32L4xx_HAL_Driver\\Src\\stm32l4xx_hal_spi.c 0x00000000   Number         0  stm32l4xx_hal_spi.o ABSOLUTE
    ..\\Drivers\\STM32L4xx_HAL_Driver\\Src\\stm32l4xx_hal_spi_ex.c 0x00000000   Number         0  stm32l4xx_hal_spi_ex.o ABSOLUTE
    ..\\Drivers\\STM32L4xx_HAL_Driver\\Src\\stm32l4xx_hal_sram.c 0x00000000   Number         0  stm32l4xx_hal_sram.o ABSOLUTE
    ..\\Drivers\\STM32L4xx_HAL_Driver\\Src\\stm32l4xx_hal_tim.c 0x00000000   Number         0  stm32l4xx_hal_tim.o ABSOLUTE
    ..\\Drivers\\STM32L4xx_HAL_Driver\\Src\\stm32l4xx_hal_tim_ex.c 0x00000000   Number         0  stm32l4xx_hal_tim_ex.o ABSOLUTE
    ..\\Drivers\\STM32L4xx_HAL_Driver\\Src\\stm32l4xx_hal_timebase_tim_template.c 0x00000000   Number         0  stm32l4xx_hal_timebase_tim_template.o ABSOLUTE
    ..\\Drivers\\STM32L4xx_HAL_Driver\\Src\\stm32l4xx_hal_uart_ex.c 0x00000000   Number         0  stm32l4xx_hal_uart_ex.o ABSOLUTE
    ..\\Drivers\\STM32L4xx_HAL_Driver\\Src\\stm32l4xx_ll_fmc.c 0x00000000   Number         0  stm32l4xx_ll_fmc.o ABSOLUTE
    ..\\Drivers\\STM32L4xx_HAL_Driver\\Src\\stm32l4xx_ll_sdmmc.c 0x00000000   Number         0  stm32l4xx_ll_sdmmc.o ABSOLUTE
    ..\\IC_driver\\AD5620.c                  0x00000000   Number         0  ad5620.o ABSOLUTE
    ..\\IC_driver\\AD7685.c                  0x00000000   Number         0  ad7685.o ABSOLUTE
    ..\\IC_driver\\ADS1110.c                 0x00000000   Number         0  ads1110.o ABSOLUTE
    ..\\IC_driver\\LEA_M8T.c                 0x00000000   Number         0  lea_m8t.o ABSOLUTE
    ..\\IC_driver\\MX35.c                    0x00000000   Number         0  mx35.o ABSOLUTE
    ..\\IC_driver\\sim7600.c                 0x00000000   Number         0  sim7600.o ABSOLUTE
    ..\\Src\\dma.c                           0x00000000   Number         0  dma.o ABSOLUTE
    ..\\Src\\i2c.c                           0x00000000   Number         0  i2c.o ABSOLUTE
    ..\\Src\\iwdg.c                          0x00000000   Number         0  iwdg.o ABSOLUTE
    ..\\Src\\rtc.c                           0x00000000   Number         0  rtc.o ABSOLUTE
    ..\\Src\\spi.c                           0x00000000   Number         0  spi.o ABSOLUTE
    ..\\Src\\system_stm32l4xx.c              0x00000000   Number         0  system_stm32l4xx_1.o ABSOLUTE
    ..\\Src\\tim.c                           0x00000000   Number         0  tim.o ABSOLUTE
    ..\\uCOSIII\\APP\\app.c                  0x00000000   Number         0  app.o ABSOLUTE
    ..\uCOSIII\APP\app.c                     0x00000000   Number         0  app.o ABSOLUTE
    ..\uCOSIII\APP\os_app_hooks.c            0x00000000   Number         0  os_app_hooks.o ABSOLUTE
    ..\uCOSIII\uC-CPU\ARM-Cortex-M3\RealView\cpu_a.asm 0x00000000   Number         0  cpu_a.o ABSOLUTE
    ..\uCOSIII\uC-CPU\ARM-Cortex-M3\RealView\cpu_c.c 0x00000000   Number         0  cpu_c.o ABSOLUTE
    ..\uCOSIII\uC-CPU\cpu_core.c             0x00000000   Number         0  cpu_core.o ABSOLUTE
    ..\uCOSIII\uC-LIB\Ports\ARM-Cortex-M3\RealView\lib_mem_a.asm 0x00000000   Number         0  lib_mem_a.o ABSOLUTE
    ..\uCOSIII\uC-LIB\lib_ascii.c            0x00000000   Number         0  lib_ascii.o ABSOLUTE
    ..\uCOSIII\uC-LIB\lib_math.c             0x00000000   Number         0  lib_math.o ABSOLUTE
    ..\uCOSIII\uC-LIB\lib_mem.c              0x00000000   Number         0  lib_mem.o ABSOLUTE
    ..\uCOSIII\uC-LIB\lib_str.c              0x00000000   Number         0  lib_str.o ABSOLUTE
    ..\uCOSIII\uCOS-III\Ports\ARM-Cortex-M3\Generic\RealView\os_cpu_a.s 0x00000000   Number         0  os_cpu_a.o ABSOLUTE
    ..\uCOSIII\uCOS-III\Ports\ARM-Cortex-M3\Generic\RealView\os_cpu_c.c 0x00000000   Number         0  os_cpu_c.o ABSOLUTE
    ..\uCOSIII\uCOS-III\Source\os_cfg_app.c  0x00000000   Number         0  os_cfg_app.o ABSOLUTE
    ..\uCOSIII\uCOS-III\Source\os_core.c     0x00000000   Number         0  os_core.o ABSOLUTE
    ..\uCOSIII\uCOS-III\Source\os_dbg.c      0x00000000   Number         0  os_dbg.o ABSOLUTE
    ..\uCOSIII\uCOS-III\Source\os_flag.c     0x00000000   Number         0  os_flag.o ABSOLUTE
    ..\uCOSIII\uCOS-III\Source\os_int.c      0x00000000   Number         0  os_int.o ABSOLUTE
    ..\uCOSIII\uCOS-III\Source\os_mem.c      0x00000000   Number         0  os_mem.o ABSOLUTE
    ..\uCOSIII\uCOS-III\Source\os_msg.c      0x00000000   Number         0  os_msg.o ABSOLUTE
    ..\uCOSIII\uCOS-III\Source\os_mutex.c    0x00000000   Number         0  os_mutex.o ABSOLUTE
    ..\uCOSIII\uCOS-III\Source\os_pend_multi.c 0x00000000   Number         0  os_pend_multi.o ABSOLUTE
    ..\uCOSIII\uCOS-III\Source\os_prio.c     0x00000000   Number         0  os_prio.o ABSOLUTE
    ..\uCOSIII\uCOS-III\Source\os_q.c        0x00000000   Number         0  os_q.o ABSOLUTE
    ..\uCOSIII\uCOS-III\Source\os_sem.c      0x00000000   Number         0  os_sem.o ABSOLUTE
    ..\uCOSIII\uCOS-III\Source\os_stat.c     0x00000000   Number         0  os_stat.o ABSOLUTE
    ..\uCOSIII\uCOS-III\Source\os_task.c     0x00000000   Number         0  os_task.o ABSOLUTE
    ..\uCOSIII\uCOS-III\Source\os_tick.c     0x00000000   Number         0  os_tick.o ABSOLUTE
    ..\uCOSIII\uCOS-III\Source\os_time.c     0x00000000   Number         0  os_time.o ABSOLUTE
    ..\uCOSIII\uCOS-III\Source\os_tmr.c      0x00000000   Number         0  os_tmr.o ABSOLUTE
    ..\uCOSIII\uCOS-III\Source\os_var.c      0x00000000   Number         0  os_var.o ABSOLUTE
    cdcmple.s                                0x00000000   Number         0  cdcmple.o ABSOLUTE
    cdrcmple.s                               0x00000000   Number         0  cdrcmple.o ABSOLUTE
    dc.s                                     0x00000000   Number         0  dc.o ABSOLUTE
    handlers.s                               0x00000000   Number         0  handlers.o ABSOLUTE
    init.s                                   0x00000000   Number         0  init.o ABSOLUTE
    RESET                                    0x08000000   Section      392  startup_stm32l476xxo.o(RESET)
    .ARM.Collect$$$$00000000                 0x08000188   Section        0  entry.o(.ARM.Collect$$$$00000000)
    .ARM.Collect$$$$00000001                 0x08000188   Section        4  entry2.o(.ARM.Collect$$$$00000001)
    .ARM.Collect$$$$00000004                 0x0800018c   Section        4  entry5.o(.ARM.Collect$$$$00000004)
    .ARM.Collect$$$$00000008                 0x08000190   Section        0  entry7b.o(.ARM.Collect$$$$00000008)
    .ARM.Collect$$$$0000000A                 0x08000190   Section        0  entry8b.o(.ARM.Collect$$$$0000000A)
    .ARM.Collect$$$$0000000B                 0x08000190   Section        8  entry9a.o(.ARM.Collect$$$$0000000B)
    .ARM.Collect$$$$0000000D                 0x08000198   Section        0  entry10a.o(.ARM.Collect$$$$0000000D)
    .ARM.Collect$$$$0000000F                 0x08000198   Section        0  entry11a.o(.ARM.Collect$$$$0000000F)
    .ARM.Collect$$$$00002712                 0x08000198   Section        4  entry2.o(.ARM.Collect$$$$00002712)
    __lit__00000000                          0x08000198   Data           4  entry2.o(.ARM.Collect$$$$00002712)
    .text                                    0x0800019c   Section       52  cpu_a.o(.text)
    $v0                                      0x0800019c   Number         0  cpu_a.o(.text)
    .text                                    0x080001d0   Section       36  startup_stm32l476xxo.o(.text)
    $v0                                      0x080001d0   Number         0  startup_stm32l476xxo.o(.text)
    .text                                    0x080001f4   Section        0  uldiv.o(.text)
    .text                                    0x0800025c   Section        0  memseta.o(.text)
    .text                                    0x08000280   Section        0  llshl.o(.text)
    .text                                    0x0800029e   Section        0  llushr.o(.text)
    .text                                    0x080002c0   Section       36  init.o(.text)
    CODE                                     0x080002e4   Section      132  os_cpu_a.o(CODE)
    $v0                                      0x080002e4   Number         0  os_cpu_a.o(CODE)
    i.BusFault_Handler                       0x08000368   Section        0  stm32l4xx_it.o(i.BusFault_Handler)
    i.CPU_IntDisMeasMaxCalc                  0x0800036c   Section        0  cpu_core.o(i.CPU_IntDisMeasMaxCalc)
    CPU_IntDisMeasMaxCalc                    0x0800036d   Thumb Code    16  cpu_core.o(i.CPU_IntDisMeasMaxCalc)
    i.CPU_IntDisMeasMaxCurGet                0x08000380   Section        0  cpu_core.o(i.CPU_IntDisMeasMaxCurGet)
    i.CPU_IntDisMeasMaxCurReset              0x0800039c   Section        0  cpu_core.o(i.CPU_IntDisMeasMaxCurReset)
    i.CPU_IntDisMeasStart                    0x080003bc   Section        0  cpu_core.o(i.CPU_IntDisMeasStart)
    i.CPU_IntDisMeasStop                     0x080003dc   Section        0  cpu_core.o(i.CPU_IntDisMeasStop)
    i.CPU_TS_TmrRd                           0x0800040c   Section        0  bsp.o(i.CPU_TS_TmrRd)
    i.DMA1_Channel3_IRQHandler               0x08000418   Section        0  stm32l4xx_it.o(i.DMA1_Channel3_IRQHandler)
    i.DebugMon_Handler                       0x08000424   Section        0  stm32l4xx_it.o(i.DebugMon_Handler)
    i.EXTI15_10_IRQHandler                   0x08000426   Section        0  stm32l4xx_it.o(i.EXTI15_10_IRQHandler)
    i.EXTI1_IRQHandler                       0x0800042e   Section        0  stm32l4xx_it.o(i.EXTI1_IRQHandler)
    i.Error_Handler                          0x08000434   Section        0  main.o(i.Error_Handler)
    i.HAL_DMA_Abort_IT                       0x08000436   Section        0  stm32l4xx_hal_dma.o(i.HAL_DMA_Abort_IT)
    i.HAL_DMA_IRQHandler                     0x08000484   Section        0  stm32l4xx_hal_dma.o(i.HAL_DMA_IRQHandler)
    i.HAL_DMA_Init                           0x08000540   Section        0  stm32l4xx_hal_dma.o(i.HAL_DMA_Init)
    i.HAL_GPIO_EXTI_Callback                 0x08000600   Section        0  stm32l4xx_hal_gpio.o(i.HAL_GPIO_EXTI_Callback)
    i.HAL_GPIO_EXTI_IRQHandler               0x08000604   Section        0  stm32l4xx_hal_gpio.o(i.HAL_GPIO_EXTI_IRQHandler)
    i.HAL_GPIO_Init                          0x0800061c   Section        0  stm32l4xx_hal_gpio.o(i.HAL_GPIO_Init)
    i.HAL_GPIO_WritePin                      0x080007e6   Section        0  stm32l4xx_hal_gpio.o(i.HAL_GPIO_WritePin)
    i.HAL_GetTick                            0x080007f0   Section        0  stm32l4xx_hal.o(i.HAL_GetTick)
    i.HAL_I2CEx_ConfigAnalogFilter           0x080007fc   Section        0  stm32l4xx_hal_i2c_ex.o(i.HAL_I2CEx_ConfigAnalogFilter)
    i.HAL_I2CEx_ConfigDigitalFilter          0x08000852   Section        0  stm32l4xx_hal_i2c_ex.o(i.HAL_I2CEx_ConfigDigitalFilter)
    i.HAL_I2C_AbortCpltCallback              0x080008a4   Section        0  stm32l4xx_hal_i2c.o(i.HAL_I2C_AbortCpltCallback)
    i.HAL_I2C_AddrCallback                   0x080008a6   Section        0  stm32l4xx_hal_i2c.o(i.HAL_I2C_AddrCallback)
    i.HAL_I2C_ER_IRQHandler                  0x080008a8   Section        0  stm32l4xx_hal_i2c.o(i.HAL_I2C_ER_IRQHandler)
    i.HAL_I2C_EV_IRQHandler                  0x08000910   Section        0  stm32l4xx_hal_i2c.o(i.HAL_I2C_EV_IRQHandler)
    i.HAL_I2C_ErrorCallback                  0x08000920   Section        0  stm32l4xx_hal_i2c.o(i.HAL_I2C_ErrorCallback)
    i.HAL_I2C_Init                           0x08000924   Section        0  stm32l4xx_hal_i2c.o(i.HAL_I2C_Init)
    i.HAL_I2C_ListenCpltCallback             0x080009dc   Section        0  stm32l4xx_hal_i2c.o(i.HAL_I2C_ListenCpltCallback)
    i.HAL_I2C_MspInit                        0x080009e0   Section        0  i2c.o(i.HAL_I2C_MspInit)
    i.HAL_I2C_SlaveRxCpltCallback            0x08000abc   Section        0  stm32l4xx_hal_i2c.o(i.HAL_I2C_SlaveRxCpltCallback)
    i.HAL_I2C_SlaveTxCpltCallback            0x08000abe   Section        0  stm32l4xx_hal_i2c.o(i.HAL_I2C_SlaveTxCpltCallback)
    i.HAL_IWDG_Init                          0x08000ac0   Section        0  stm32l4xx_hal_iwdg.o(i.HAL_IWDG_Init)
    i.HAL_IncTick                            0x08000b20   Section        0  stm32l4xx_hal.o(i.HAL_IncTick)
    i.HAL_Init                               0x08000b30   Section        0  stm32l4xx_hal.o(i.HAL_Init)
    i.HAL_InitTick                           0x08000b50   Section        0  stm32l4xx_hal_timebase_tim_template.o(i.HAL_InitTick)
    i.HAL_MspInit                            0x08000bd0   Section        0  stm32l4xx_hal_msp.o(i.HAL_MspInit)
    i.HAL_NVIC_EnableIRQ                     0x08000bfc   Section        0  stm32l4xx_hal_cortex.o(i.HAL_NVIC_EnableIRQ)
    i.HAL_NVIC_SetPriority                   0x08000c18   Section        0  stm32l4xx_hal_cortex.o(i.HAL_NVIC_SetPriority)
    i.HAL_NVIC_SetPriorityGrouping           0x08000c58   Section        0  stm32l4xx_hal_cortex.o(i.HAL_NVIC_SetPriorityGrouping)
    i.HAL_PWREx_ControlVoltageScaling        0x08000c7c   Section        0  stm32l4xx_hal_pwr_ex.o(i.HAL_PWREx_ControlVoltageScaling)
    i.HAL_PWREx_GetVoltageRange              0x08000ce4   Section        0  stm32l4xx_hal_pwr_ex.o(i.HAL_PWREx_GetVoltageRange)
    i.HAL_RCCEx_PeriphCLKConfig              0x08000cf4   Section        0  stm32l4xx_hal_rcc_ex.o(i.HAL_RCCEx_PeriphCLKConfig)
    i.HAL_RCC_ClockConfig                    0x080010a4   Section        0  stm32l4xx_hal_rcc.o(i.HAL_RCC_ClockConfig)
    i.HAL_RCC_GetClockConfig                 0x080011c4   Section        0  stm32l4xx_hal_rcc.o(i.HAL_RCC_GetClockConfig)
    i.HAL_RCC_GetPCLK1Freq                   0x08001204   Section        0  stm32l4xx_hal_rcc.o(i.HAL_RCC_GetPCLK1Freq)
    i.HAL_RCC_GetPCLK2Freq                   0x08001228   Section        0  stm32l4xx_hal_rcc.o(i.HAL_RCC_GetPCLK2Freq)
    i.HAL_RCC_GetSysClockFreq                0x0800124c   Section        0  stm32l4xx_hal_rcc.o(i.HAL_RCC_GetSysClockFreq)
    i.HAL_RCC_OscConfig                      0x080012f0   Section        0  stm32l4xx_hal_rcc.o(i.HAL_RCC_OscConfig)
    i.HAL_RTC_Init                           0x080017d0   Section        0  stm32l4xx_hal_rtc.o(i.HAL_RTC_Init)
    i.HAL_RTC_MspInit                        0x0800186c   Section        0  rtc.o(i.HAL_RTC_MspInit)
    i.HAL_RTC_WaitForSynchro                 0x0800188c   Section        0  stm32l4xx_hal_rtc.o(i.HAL_RTC_WaitForSynchro)
    i.HAL_SPI_Init                           0x080018c2   Section        0  stm32l4xx_hal_spi.o(i.HAL_SPI_Init)
    i.HAL_SPI_MspInit                        0x08001970   Section        0  spi.o(i.HAL_SPI_MspInit)
    i.HAL_TIMEx_Break2Callback               0x08001a38   Section        0  stm32l4xx_hal_tim_ex.o(i.HAL_TIMEx_Break2Callback)
    i.HAL_TIMEx_BreakCallback                0x08001a3a   Section        0  stm32l4xx_hal_tim_ex.o(i.HAL_TIMEx_BreakCallback)
    i.HAL_TIMEx_CommutCallback               0x08001a3c   Section        0  stm32l4xx_hal_tim_ex.o(i.HAL_TIMEx_CommutCallback)
    i.HAL_TIMEx_MasterConfigSynchronization  0x08001a40   Section        0  stm32l4xx_hal_tim_ex.o(i.HAL_TIMEx_MasterConfigSynchronization)
    i.HAL_TIM_Base_Init                      0x08001aa0   Section        0  stm32l4xx_hal_tim.o(i.HAL_TIM_Base_Init)
    i.HAL_TIM_Base_MspInit                   0x08001ad8   Section        0  tim.o(i.HAL_TIM_Base_MspInit)
    i.HAL_TIM_Base_Start_IT                  0x08001b14   Section        0  stm32l4xx_hal_tim.o(i.HAL_TIM_Base_Start_IT)
    i.HAL_TIM_ConfigClockSource              0x08001b40   Section        0  stm32l4xx_hal_tim.o(i.HAL_TIM_ConfigClockSource)
    i.HAL_TIM_IC_CaptureCallback             0x08001c1c   Section        0  stm32l4xx_hal_tim.o(i.HAL_TIM_IC_CaptureCallback)
    i.HAL_TIM_IRQHandler                     0x08001c1e   Section        0  stm32l4xx_hal_tim.o(i.HAL_TIM_IRQHandler)
    i.HAL_TIM_OC_DelayElapsedCallback        0x08001da2   Section        0  stm32l4xx_hal_tim.o(i.HAL_TIM_OC_DelayElapsedCallback)
    i.HAL_TIM_PWM_PulseFinishedCallback      0x08001da4   Section        0  stm32l4xx_hal_tim.o(i.HAL_TIM_PWM_PulseFinishedCallback)
    i.HAL_TIM_PeriodElapsedCallback          0x08001da6   Section        0  stm32l4xx_hal_timebase_tim_template.o(i.HAL_TIM_PeriodElapsedCallback)
    i.HAL_TIM_TriggerCallback                0x08001daa   Section        0  stm32l4xx_hal_tim.o(i.HAL_TIM_TriggerCallback)
    i.HAL_UARTEx_WakeupCallback              0x08001dac   Section        0  stm32l4xx_hal_uart_ex.o(i.HAL_UARTEx_WakeupCallback)
    i.HAL_UART_ErrorCallback                 0x08001dae   Section        0  stm32l4xx_hal_uart_s.o(i.HAL_UART_ErrorCallback)
    i.HAL_UART_IRQHandler                    0x08001db0   Section        0  stm32l4xx_hal_uart_s.o(i.HAL_UART_IRQHandler)
    i.HAL_UART_Init                          0x08001f18   Section        0  stm32l4xx_hal_uart_s.o(i.HAL_UART_Init)
    i.HAL_UART_MspInit                       0x08001f80   Section        0  usart.o(i.HAL_UART_MspInit)
    i.HAL_UART_TxCpltCallback                0x08002118   Section        0  stm32l4xx_hal_uart_s.o(i.HAL_UART_TxCpltCallback)
    i.HardFault_Handler                      0x0800211a   Section        0  stm32l4xx_it.o(i.HardFault_Handler)
    i.I2C1_ER_IRQHandler                     0x0800211c   Section        0  stm32l4xx_it.o(i.I2C1_ER_IRQHandler)
    i.I2C1_EV_IRQHandler                     0x08002128   Section        0  stm32l4xx_it.o(i.I2C1_EV_IRQHandler)
    i.I2C2_ER_IRQHandler                     0x08002134   Section        0  stm32l4xx_it.o(i.I2C2_ER_IRQHandler)
    i.I2C2_EV_IRQHandler                     0x08002140   Section        0  stm32l4xx_it.o(i.I2C2_EV_IRQHandler)
    i.I2C_DMAAbort                           0x0800214c   Section        0  stm32l4xx_hal_i2c.o(i.I2C_DMAAbort)
    I2C_DMAAbort                             0x0800214d   Thumb Code    40  stm32l4xx_hal_i2c.o(i.I2C_DMAAbort)
    i.I2C_Disable_IRQ                        0x08002174   Section        0  stm32l4xx_hal_i2c.o(i.I2C_Disable_IRQ)
    I2C_Disable_IRQ                          0x08002175   Thumb Code    84  stm32l4xx_hal_i2c.o(i.I2C_Disable_IRQ)
    i.I2C_Flush_TXDR                         0x080021c8   Section        0  stm32l4xx_hal_i2c.o(i.I2C_Flush_TXDR)
    I2C_Flush_TXDR                           0x080021c9   Thumb Code    34  stm32l4xx_hal_i2c.o(i.I2C_Flush_TXDR)
    i.I2C_ITAddrCplt                         0x080021ea   Section        0  stm32l4xx_hal_i2c.o(i.I2C_ITAddrCplt)
    I2C_ITAddrCplt                           0x080021eb   Thumb Code   136  stm32l4xx_hal_i2c.o(i.I2C_ITAddrCplt)
    i.I2C_ITError                            0x08002274   Section        0  stm32l4xx_hal_i2c.o(i.I2C_ITError)
    I2C_ITError                              0x08002275   Thumb Code   210  stm32l4xx_hal_i2c.o(i.I2C_ITError)
    i.I2C_ITListenCplt                       0x08002354   Section        0  stm32l4xx_hal_i2c.o(i.I2C_ITListenCplt)
    I2C_ITListenCplt                         0x08002355   Thumb Code    92  stm32l4xx_hal_i2c.o(i.I2C_ITListenCplt)
    i.I2C_ITSlaveCplt                        0x080023b4   Section        0  stm32l4xx_hal_i2c.o(i.I2C_ITSlaveCplt)
    I2C_ITSlaveCplt                          0x080023b5   Thumb Code   230  stm32l4xx_hal_i2c.o(i.I2C_ITSlaveCplt)
    i.I2C_ITSlaveSeqCplt                     0x080024a4   Section        0  stm32l4xx_hal_i2c.o(i.I2C_ITSlaveSeqCplt)
    I2C_ITSlaveSeqCplt                       0x080024a5   Thumb Code    84  stm32l4xx_hal_i2c.o(i.I2C_ITSlaveSeqCplt)
    i.I2C_Slave_ISR_IT                       0x080024f8   Section        0  stm32l4xx_hal_i2c.o(i.I2C_Slave_ISR_IT)
    I2C_Slave_ISR_IT                         0x080024f9   Thumb Code   290  stm32l4xx_hal_i2c.o(i.I2C_Slave_ISR_IT)
    i.MX_DMA_Init                            0x08002620   Section        0  dma.o(i.MX_DMA_Init)
    i.MX_GPIO_Init                           0x0800264c   Section        0  gpio.o(i.MX_GPIO_Init)
    i.MX_I2C1_Init                           0x080027b4   Section        0  i2c.o(i.MX_I2C1_Init)
    i.MX_I2C2_Init                           0x0800280c   Section        0  i2c.o(i.MX_I2C2_Init)
    i.MX_IWDG_Init                           0x08002864   Section        0  iwdg.o(i.MX_IWDG_Init)
    i.MX_RTC_Init                            0x08002894   Section        0  rtc.o(i.MX_RTC_Init)
    i.MX_SPI1_Init                           0x080028cc   Section        0  spi.o(i.MX_SPI1_Init)
    i.MX_SPI2_Init                           0x0800291c   Section        0  spi.o(i.MX_SPI2_Init)
    i.MX_TIM3_Init                           0x08002970   Section        0  tim.o(i.MX_TIM3_Init)
    i.MX_UART4_Init                          0x080029d8   Section        0  usart.o(i.MX_UART4_Init)
    i.MX_USART1_UART_Init                    0x08002a14   Section        0  usart.o(i.MX_USART1_UART_Init)
    i.MX_USART2_UART_Init                    0x08002a50   Section        0  usart.o(i.MX_USART2_UART_Init)
    i.MX_USART3_UART_Init                    0x08002a8c   Section        0  usart.o(i.MX_USART3_UART_Init)
    i.MemManage_Handler                      0x08002ac8   Section        0  stm32l4xx_it.o(i.MemManage_Handler)
    i.NMI_Handler                            0x08002aca   Section        0  stm32l4xx_it.o(i.NMI_Handler)
    i.OSIntExit                              0x08002acc   Section        0  os_core.o(i.OSIntExit)
    i.OSTaskSwHook                           0x08002b5c   Section        0  os_cpu_c.o(i.OSTaskSwHook)
    i.OSTimeTick                             0x08002bc4   Section        0  os_time.o(i.OSTimeTick)
    i.OSTimeTickHook                         0x08002c04   Section        0  os_cpu_c.o(i.OSTimeTickHook)
    i.OS_CPU_SysTickHandler                  0x08002c14   Section        0  os_cpu_c.o(i.OS_CPU_SysTickHandler)
    i.OS_IntQPost                            0x08002c44   Section        0  os_int.o(i.OS_IntQPost)
    i.OS_PrioGetHighest                      0x08002d08   Section        0  os_prio.o(i.OS_PrioGetHighest)
    i.OS_PrioInsert                          0x08002d2c   Section        0  os_prio.o(i.OS_PrioInsert)
    i.RCCEx_PLLSAI1_Config                   0x08002d4c   Section        0  stm32l4xx_hal_rcc_ex.o(i.RCCEx_PLLSAI1_Config)
    RCCEx_PLLSAI1_Config                     0x08002d4d   Thumb Code   278  stm32l4xx_hal_rcc_ex.o(i.RCCEx_PLLSAI1_Config)
    i.RCCEx_PLLSAI2_Config                   0x08002e78   Section        0  stm32l4xx_hal_rcc_ex.o(i.RCCEx_PLLSAI2_Config)
    RCCEx_PLLSAI2_Config                     0x08002e79   Thumb Code   250  stm32l4xx_hal_rcc_ex.o(i.RCCEx_PLLSAI2_Config)
    i.RCC_SetFlashLatencyFromMSIRange        0x08002f80   Section        0  stm32l4xx_hal_rcc.o(i.RCC_SetFlashLatencyFromMSIRange)
    RCC_SetFlashLatencyFromMSIRange          0x08002f81   Thumb Code   116  stm32l4xx_hal_rcc.o(i.RCC_SetFlashLatencyFromMSIRange)
    i.RTC_EnterInitMode                      0x08002ffc   Section        0  stm32l4xx_hal_rtc.o(i.RTC_EnterInitMode)
    i.RTC_ExitInitMode                       0x08003044   Section        0  stm32l4xx_hal_rtc.o(i.RTC_ExitInitMode)
    i.SVC_Handler                            0x0800309c   Section        0  stm32l4xx_it.o(i.SVC_Handler)
    i.SystemClock_Config                     0x080030a0   Section        0  main.o(i.SystemClock_Config)
    i.SystemInit                             0x08003124   Section        0  system_stm32l4xx_1.o(i.SystemInit)
    i.TIM3_IRQHandler                        0x08003168   Section        0  stm32l4xx_it.o(i.TIM3_IRQHandler)
    i.TIM6_DAC_IRQHandler                    0x08003174   Section        0  stm32l4xx_hal_timebase_tim_template.o(i.TIM6_DAC_IRQHandler)
    i.TIM_Base_SetConfig                     0x08003180   Section        0  stm32l4xx_hal_tim.o(i.TIM_Base_SetConfig)
    i.TIM_ETR_SetConfig                      0x08003240   Section        0  stm32l4xx_hal_tim.o(i.TIM_ETR_SetConfig)
    i.TIM_ITRx_SetConfig                     0x08003254   Section        0  stm32l4xx_hal_tim.o(i.TIM_ITRx_SetConfig)
    TIM_ITRx_SetConfig                       0x08003255   Thumb Code    16  stm32l4xx_hal_tim.o(i.TIM_ITRx_SetConfig)
    i.TIM_TI1_ConfigInputStage               0x08003264   Section        0  stm32l4xx_hal_tim.o(i.TIM_TI1_ConfigInputStage)
    TIM_TI1_ConfigInputStage                 0x08003265   Thumb Code    34  stm32l4xx_hal_tim.o(i.TIM_TI1_ConfigInputStage)
    i.TIM_TI2_ConfigInputStage               0x08003286   Section        0  stm32l4xx_hal_tim.o(i.TIM_TI2_ConfigInputStage)
    TIM_TI2_ConfigInputStage                 0x08003287   Thumb Code    36  stm32l4xx_hal_tim.o(i.TIM_TI2_ConfigInputStage)
    i.UART4_IRQHandler                       0x080032ac   Section        0  stm32l4xx_it.o(i.UART4_IRQHandler)
    i.UART_AdvFeatureConfig                  0x080032b8   Section        0  stm32l4xx_hal_uart_s.o(i.UART_AdvFeatureConfig)
    i.UART_CheckIdleState                    0x08003380   Section        0  stm32l4xx_hal_uart_s.o(i.UART_CheckIdleState)
    i.UART_DMAAbortOnError                   0x080033da   Section        0  stm32l4xx_hal_uart_s.o(i.UART_DMAAbortOnError)
    UART_DMAAbortOnError                     0x080033db   Thumb Code    20  stm32l4xx_hal_uart_s.o(i.UART_DMAAbortOnError)
    i.UART_EndRxTransfer                     0x080033ee   Section        0  stm32l4xx_hal_uart_s.o(i.UART_EndRxTransfer)
    UART_EndRxTransfer                       0x080033ef   Thumb Code    30  stm32l4xx_hal_uart_s.o(i.UART_EndRxTransfer)
    i.UART_SetConfig                         0x0800340c   Section        0  stm32l4xx_hal_uart_s.o(i.UART_SetConfig)
    i.UART_WaitOnFlagUntilTimeout            0x080036ac   Section        0  stm32l4xx_hal_uart_s.o(i.UART_WaitOnFlagUntilTimeout)
    i.USART1_IRQHandler                      0x0800370c   Section        0  stm32l4xx_it.o(i.USART1_IRQHandler)
    i.USART2_IRQHandler                      0x08003718   Section        0  stm32l4xx_it.o(i.USART2_IRQHandler)
    i.USART3_IRQHandler                      0x08003724   Section        0  stm32l4xx_it.o(i.USART3_IRQHandler)
    i.UsageFault_Handler                     0x08003730   Section        0  stm32l4xx_it.o(i.UsageFault_Handler)
    i.__NVIC_SetPriority                     0x08003732   Section        0  stm32l4xx_hal_cortex.o(i.__NVIC_SetPriority)
    __NVIC_SetPriority                       0x08003733   Thumb Code    32  stm32l4xx_hal_cortex.o(i.__NVIC_SetPriority)
    i.__scatterload_copy                     0x08003752   Section       14  handlers.o(i.__scatterload_copy)
    i.__scatterload_null                     0x08003760   Section        2  handlers.o(i.__scatterload_null)
    i.__scatterload_zeroinit                 0x08003762   Section       14  handlers.o(i.__scatterload_zeroinit)
    i.main                                   0x08003770   Section        0  main.o(i.main)
    .constdata                               0x080037ae   Section        2  os_cfg_app.o(.constdata)
    .constdata                               0x080037b0   Section       64  system_stm32l4xx_1.o(.constdata)
    .constdata                               0x080037f0   Section        8  system_stm32l4xx_1.o(.constdata)
    .data                                    0x20000000   Section        4  stm32l4xx_hal_uart_s.o(.data)
    .data                                    0x20000004   Section       12  stm32l4xx_hal.o(.data)
    .data                                    0x20000010   Section       28  cpu_core.o(.data)
    .data                                    0x2000002c   Section        4  os_cpu_c.o(.data)
    .data                                    0x20000030   Section        4  os_prio.o(.data)
    .data                                    0x20000034   Section        4  os_var.o(.data)
    .data                                    0x20000038   Section        4  os_var.o(.data)
    .data                                    0x2000003c   Section        1  os_var.o(.data)
    .data                                    0x2000003d   Section        1  os_var.o(.data)
    .data                                    0x20000040   Section        4  os_var.o(.data)
    .data                                    0x20000044   Section        2  os_var.o(.data)
    .data                                    0x20000046   Section        2  os_var.o(.data)
    .data                                    0x20000048   Section        2  os_var.o(.data)
    .data                                    0x2000004a   Section        1  os_var.o(.data)
    .data                                    0x2000004b   Section        1  os_var.o(.data)
    .data                                    0x2000004c   Section        1  os_var.o(.data)
    .data                                    0x20000050   Section        4  os_var.o(.data)
    .data                                    0x20000054   Section        1  os_var.o(.data)
    .data                                    0x20000058   Section        4  os_var.o(.data)
    .data                                    0x2000005c   Section        4  os_var.o(.data)
    .data                                    0x20000060   Section        4  os_var.o(.data)
    .data                                    0x20000064   Section        4  system_stm32l4xx_1.o(.data)
    .bss                                     0x20000068   Section      152  i2c.o(.bss)
    .bss                                     0x20000100   Section       16  iwdg.o(.bss)
    .bss                                     0x20000110   Section       36  rtc.o(.bss)
    .bss                                     0x20000134   Section      200  spi.o(.bss)
    .bss                                     0x200001fc   Section      600  usart.o(.bss)
    .bss                                     0x20000454   Section       64  tim.o(.bss)
    .bss                                     0x20000494   Section       64  stm32l4xx_hal_timebase_tim_template.o(.bss)
    .bss                                     0x200004d4   Section      200  os_var.o(.bss)
    .bss                                     0x2000059c   Section      384  os_var.o(.bss)
    STACK                                    0x20000720   Section     4096  startup_stm32l476xxo.o(STACK)

    Global Symbols

    Symbol Name                              Value     Ov Type        Size  Object(Section)

    BuildAttributes$$THM_ISAv4$E$P$D$K$B$S$7EM$VFPi3$EXTD16$VFPS$VFMA$PE$A:L22UL41UL21$X:L11$S22US41US21$IEEE1$IW$USESV6$~STKCKD$USESV7$~SHL$OTIME$ROPI$IEEEJ$EBA8$MICROLIB$REQ8$PRES8$EABIv2 0x00000000   Number         0  anon$$obj.o ABSOLUTE
    __ARM_use_no_argv                        0x00000000   Number         0  main.o ABSOLUTE
    _printf_a                                0x00000000   Number         0  stubs.o ABSOLUTE
    _printf_c                                0x00000000   Number         0  stubs.o ABSOLUTE
    _printf_charcount                        0x00000000   Number         0  stubs.o ABSOLUTE
    _printf_d                                0x00000000   Number         0  stubs.o ABSOLUTE
    _printf_e                                0x00000000   Number         0  stubs.o ABSOLUTE
    _printf_f                                0x00000000   Number         0  stubs.o ABSOLUTE
    _printf_flags                            0x00000000   Number         0  stubs.o ABSOLUTE
    _printf_fp_dec                           0x00000000   Number         0  stubs.o ABSOLUTE
    _printf_fp_hex                           0x00000000   Number         0  stubs.o ABSOLUTE
    _printf_g                                0x00000000   Number         0  stubs.o ABSOLUTE
    _printf_i                                0x00000000   Number         0  stubs.o ABSOLUTE
    _printf_int_dec                          0x00000000   Number         0  stubs.o ABSOLUTE
    _printf_l                                0x00000000   Number         0  stubs.o ABSOLUTE
    _printf_lc                               0x00000000   Number         0  stubs.o ABSOLUTE
    _printf_ll                               0x00000000   Number         0  stubs.o ABSOLUTE
    _printf_lld                              0x00000000   Number         0  stubs.o ABSOLUTE
    _printf_lli                              0x00000000   Number         0  stubs.o ABSOLUTE
    _printf_llo                              0x00000000   Number         0  stubs.o ABSOLUTE
    _printf_llu                              0x00000000   Number         0  stubs.o ABSOLUTE
    _printf_llx                              0x00000000   Number         0  stubs.o ABSOLUTE
    _printf_longlong_dec                     0x00000000   Number         0  stubs.o ABSOLUTE
    _printf_longlong_hex                     0x00000000   Number         0  stubs.o ABSOLUTE
    _printf_longlong_oct                     0x00000000   Number         0  stubs.o ABSOLUTE
    _printf_ls                               0x00000000   Number         0  stubs.o ABSOLUTE
    _printf_mbtowc                           0x00000000   Number         0  stubs.o ABSOLUTE
    _printf_n                                0x00000000   Number         0  stubs.o ABSOLUTE
    _printf_o                                0x00000000   Number         0  stubs.o ABSOLUTE
    _printf_p                                0x00000000   Number         0  stubs.o ABSOLUTE
    _printf_percent                          0x00000000   Number         0  stubs.o ABSOLUTE
    _printf_pre_padding                      0x00000000   Number         0  stubs.o ABSOLUTE
    _printf_return_value                     0x00000000   Number         0  stubs.o ABSOLUTE
    _printf_s                                0x00000000   Number         0  stubs.o ABSOLUTE
    _printf_sizespec                         0x00000000   Number         0  stubs.o ABSOLUTE
    _printf_str                              0x00000000   Number         0  stubs.o ABSOLUTE
    _printf_truncate_signed                  0x00000000   Number         0  stubs.o ABSOLUTE
    _printf_truncate_unsigned                0x00000000   Number         0  stubs.o ABSOLUTE
    _printf_u                                0x00000000   Number         0  stubs.o ABSOLUTE
    _printf_wc                               0x00000000   Number         0  stubs.o ABSOLUTE
    _printf_wctomb                           0x00000000   Number         0  stubs.o ABSOLUTE
    _printf_widthprec                        0x00000000   Number         0  stubs.o ABSOLUTE
    _printf_x                                0x00000000   Number         0  stubs.o ABSOLUTE
    __cpp_initialize__aeabi_                  - Undefined Weak Reference
    __cxa_finalize                            - Undefined Weak Reference
    __decompress                              - Undefined Weak Reference
    _clock_init                               - Undefined Weak Reference
    _microlib_exit                            - Undefined Weak Reference
    __Vectors_Size                           0x00000188   Number         0  startup_stm32l476xxo.o ABSOLUTE
    __Vectors                                0x08000000   Data           4  startup_stm32l476xxo.o(RESET)
    __Vectors_End                            0x08000188   Data           0  startup_stm32l476xxo.o(RESET)
    __main                                   0x08000189   Thumb Code     0  entry.o(.ARM.Collect$$$$00000000)
    _main_stk                                0x08000189   Thumb Code     0  entry2.o(.ARM.Collect$$$$00000001)
    _main_scatterload                        0x0800018d   Thumb Code     0  entry5.o(.ARM.Collect$$$$00000004)
    __main_after_scatterload                 0x08000191   Thumb Code     0  entry5.o(.ARM.Collect$$$$00000004)
    _main_clock                              0x08000191   Thumb Code     0  entry7b.o(.ARM.Collect$$$$00000008)
    _main_cpp_init                           0x08000191   Thumb Code     0  entry8b.o(.ARM.Collect$$$$0000000A)
    _main_init                               0x08000191   Thumb Code     0  entry9a.o(.ARM.Collect$$$$0000000B)
    __rt_final_cpp                           0x08000199   Thumb Code     0  entry10a.o(.ARM.Collect$$$$0000000D)
    __rt_final_exit                          0x08000199   Thumb Code     0  entry11a.o(.ARM.Collect$$$$0000000F)
    CPU_IntDis                               0x0800019d   Thumb Code     0  cpu_a.o(.text)
    CPU_IntEn                                0x080001a1   Thumb Code     0  cpu_a.o(.text)
    CPU_SR_Save                              0x080001a5   Thumb Code     0  cpu_a.o(.text)
    CPU_SR_Restore                           0x080001ad   Thumb Code     0  cpu_a.o(.text)
    CPU_WaitForInt                           0x080001b3   Thumb Code     0  cpu_a.o(.text)
    CPU_WaitForExcept                        0x080001b7   Thumb Code     0  cpu_a.o(.text)
    CPU_CntLeadZeros                         0x080001bb   Thumb Code     0  cpu_a.o(.text)
    CPU_CntTrailZeros                        0x080001c1   Thumb Code     0  cpu_a.o(.text)
    CPU_RevBits                              0x080001cb   Thumb Code     0  cpu_a.o(.text)
    Reset_Handler                            0x080001d1   Thumb Code     8  startup_stm32l476xxo.o(.text)
    ADC1_2_IRQHandler                        0x080001eb   Thumb Code     0  startup_stm32l476xxo.o(.text)
    ADC3_IRQHandler                          0x080001eb   Thumb Code     0  startup_stm32l476xxo.o(.text)
    CAN1_RX0_IRQHandler                      0x080001eb   Thumb Code     0  startup_stm32l476xxo.o(.text)
    CAN1_RX1_IRQHandler                      0x080001eb   Thumb Code     0  startup_stm32l476xxo.o(.text)
    CAN1_SCE_IRQHandler                      0x080001eb   Thumb Code     0  startup_stm32l476xxo.o(.text)
    CAN1_TX_IRQHandler                       0x080001eb   Thumb Code     0  startup_stm32l476xxo.o(.text)
    COMP_IRQHandler                          0x080001eb   Thumb Code     0  startup_stm32l476xxo.o(.text)
    DFSDM1_FLT0_IRQHandler                   0x080001eb   Thumb Code     0  startup_stm32l476xxo.o(.text)
    DFSDM1_FLT1_IRQHandler                   0x080001eb   Thumb Code     0  startup_stm32l476xxo.o(.text)
    DFSDM1_FLT2_IRQHandler                   0x080001eb   Thumb Code     0  startup_stm32l476xxo.o(.text)
    DFSDM1_FLT3_IRQHandler                   0x080001eb   Thumb Code     0  startup_stm32l476xxo.o(.text)
    DMA1_Channel1_IRQHandler                 0x080001eb   Thumb Code     0  startup_stm32l476xxo.o(.text)
    DMA1_Channel2_IRQHandler                 0x080001eb   Thumb Code     0  startup_stm32l476xxo.o(.text)
    DMA1_Channel4_IRQHandler                 0x080001eb   Thumb Code     0  startup_stm32l476xxo.o(.text)
    DMA1_Channel5_IRQHandler                 0x080001eb   Thumb Code     0  startup_stm32l476xxo.o(.text)
    DMA1_Channel6_IRQHandler                 0x080001eb   Thumb Code     0  startup_stm32l476xxo.o(.text)
    DMA1_Channel7_IRQHandler                 0x080001eb   Thumb Code     0  startup_stm32l476xxo.o(.text)
    DMA2_Channel1_IRQHandler                 0x080001eb   Thumb Code     0  startup_stm32l476xxo.o(.text)
    DMA2_Channel2_IRQHandler                 0x080001eb   Thumb Code     0  startup_stm32l476xxo.o(.text)
    DMA2_Channel3_IRQHandler                 0x080001eb   Thumb Code     0  startup_stm32l476xxo.o(.text)
    DMA2_Channel4_IRQHandler                 0x080001eb   Thumb Code     0  startup_stm32l476xxo.o(.text)
    DMA2_Channel5_IRQHandler                 0x080001eb   Thumb Code     0  startup_stm32l476xxo.o(.text)
    DMA2_Channel6_IRQHandler                 0x080001eb   Thumb Code     0  startup_stm32l476xxo.o(.text)
    DMA2_Channel7_IRQHandler                 0x080001eb   Thumb Code     0  startup_stm32l476xxo.o(.text)
    EXTI0_IRQHandler                         0x080001eb   Thumb Code     0  startup_stm32l476xxo.o(.text)
    EXTI2_IRQHandler                         0x080001eb   Thumb Code     0  startup_stm32l476xxo.o(.text)
    EXTI3_IRQHandler                         0x080001eb   Thumb Code     0  startup_stm32l476xxo.o(.text)
    EXTI4_IRQHandler                         0x080001eb   Thumb Code     0  startup_stm32l476xxo.o(.text)
    EXTI9_5_IRQHandler                       0x080001eb   Thumb Code     0  startup_stm32l476xxo.o(.text)
    FLASH_IRQHandler                         0x080001eb   Thumb Code     0  startup_stm32l476xxo.o(.text)
    FMC_IRQHandler                           0x080001eb   Thumb Code     0  startup_stm32l476xxo.o(.text)
    FPU_IRQHandler                           0x080001eb   Thumb Code     0  startup_stm32l476xxo.o(.text)
    I2C3_ER_IRQHandler                       0x080001eb   Thumb Code     0  startup_stm32l476xxo.o(.text)
    I2C3_EV_IRQHandler                       0x080001eb   Thumb Code     0  startup_stm32l476xxo.o(.text)
    LCD_IRQHandler                           0x080001eb   Thumb Code     0  startup_stm32l476xxo.o(.text)
    LPTIM1_IRQHandler                        0x080001eb   Thumb Code     0  startup_stm32l476xxo.o(.text)
    LPTIM2_IRQHandler                        0x080001eb   Thumb Code     0  startup_stm32l476xxo.o(.text)
    LPUART1_IRQHandler                       0x080001eb   Thumb Code     0  startup_stm32l476xxo.o(.text)
    OTG_FS_IRQHandler                        0x080001eb   Thumb Code     0  startup_stm32l476xxo.o(.text)
    PVD_PVM_IRQHandler                       0x080001eb   Thumb Code     0  startup_stm32l476xxo.o(.text)
    QUADSPI_IRQHandler                       0x080001eb   Thumb Code     0  startup_stm32l476xxo.o(.text)
    RCC_IRQHandler                           0x080001eb   Thumb Code     0  startup_stm32l476xxo.o(.text)
    RNG_IRQHandler                           0x080001eb   Thumb Code     0  startup_stm32l476xxo.o(.text)
    RTC_Alarm_IRQHandler                     0x080001eb   Thumb Code     0  startup_stm32l476xxo.o(.text)
    RTC_WKUP_IRQHandler                      0x080001eb   Thumb Code     0  startup_stm32l476xxo.o(.text)
    SAI1_IRQHandler                          0x080001eb   Thumb Code     0  startup_stm32l476xxo.o(.text)
    SAI2_IRQHandler                          0x080001eb   Thumb Code     0  startup_stm32l476xxo.o(.text)
    SDMMC1_IRQHandler                        0x080001eb   Thumb Code     0  startup_stm32l476xxo.o(.text)
    SPI1_IRQHandler                          0x080001eb   Thumb Code     0  startup_stm32l476xxo.o(.text)
    SPI2_IRQHandler                          0x080001eb   Thumb Code     0  startup_stm32l476xxo.o(.text)
    SPI3_IRQHandler                          0x080001eb   Thumb Code     0  startup_stm32l476xxo.o(.text)
    SWPMI1_IRQHandler                        0x080001eb   Thumb Code     0  startup_stm32l476xxo.o(.text)
    TAMP_STAMP_IRQHandler                    0x080001eb   Thumb Code     0  startup_stm32l476xxo.o(.text)
    TIM1_BRK_TIM15_IRQHandler                0x080001eb   Thumb Code     0  startup_stm32l476xxo.o(.text)
    TIM1_CC_IRQHandler                       0x080001eb   Thumb Code     0  startup_stm32l476xxo.o(.text)
    TIM1_TRG_COM_TIM17_IRQHandler            0x080001eb   Thumb Code     0  startup_stm32l476xxo.o(.text)
    TIM1_UP_TIM16_IRQHandler                 0x080001eb   Thumb Code     0  startup_stm32l476xxo.o(.text)
    TIM2_IRQHandler                          0x080001eb   Thumb Code     0  startup_stm32l476xxo.o(.text)
    TIM4_IRQHandler                          0x080001eb   Thumb Code     0  startup_stm32l476xxo.o(.text)
    TIM5_IRQHandler                          0x080001eb   Thumb Code     0  startup_stm32l476xxo.o(.text)
    TIM7_IRQHandler                          0x080001eb   Thumb Code     0  startup_stm32l476xxo.o(.text)
    TIM8_BRK_IRQHandler                      0x080001eb   Thumb Code     0  startup_stm32l476xxo.o(.text)
    TIM8_CC_IRQHandler                       0x080001eb   Thumb Code     0  startup_stm32l476xxo.o(.text)
    TIM8_TRG_COM_IRQHandler                  0x080001eb   Thumb Code     0  startup_stm32l476xxo.o(.text)
    TIM8_UP_IRQHandler                       0x080001eb   Thumb Code     0  startup_stm32l476xxo.o(.text)
    TSC_IRQHandler                           0x080001eb   Thumb Code     0  startup_stm32l476xxo.o(.text)
    UART5_IRQHandler                         0x080001eb   Thumb Code     0  startup_stm32l476xxo.o(.text)
    WWDG_IRQHandler                          0x080001eb   Thumb Code     0  startup_stm32l476xxo.o(.text)
    __aeabi_uldivmod                         0x080001f5   Thumb Code    98  uldiv.o(.text)
    __aeabi_memset                           0x0800025d   Thumb Code    14  memseta.o(.text)
    __aeabi_memset4                          0x0800025d   Thumb Code     0  memseta.o(.text)
    __aeabi_memset8                          0x0800025d   Thumb Code     0  memseta.o(.text)
    __aeabi_memclr                           0x0800026b   Thumb Code     4  memseta.o(.text)
    __aeabi_memclr4                          0x0800026b   Thumb Code     0  memseta.o(.text)
    __aeabi_memclr8                          0x0800026b   Thumb Code     0  memseta.o(.text)
    _memset$wrapper                          0x0800026f   Thumb Code    18  memseta.o(.text)
    __aeabi_llsl                             0x08000281   Thumb Code    30  llshl.o(.text)
    _ll_shift_l                              0x08000281   Thumb Code     0  llshl.o(.text)
    __aeabi_llsr                             0x0800029f   Thumb Code    32  llushr.o(.text)
    _ll_ushift_r                             0x0800029f   Thumb Code     0  llushr.o(.text)
    __scatterload                            0x080002c1   Thumb Code    28  init.o(.text)
    __scatterload_rt2                        0x080002c1   Thumb Code     0  init.o(.text)
    OSStartHighRdy                           0x080002e5   Thumb Code     0  os_cpu_a.o(CODE)
    OS_CPU_PendSVHandler                     0x08000307   Thumb Code     0  os_cpu_a.o(CODE)
    BusFault_Handler                         0x08000369   Thumb Code     2  stm32l4xx_it.o(i.BusFault_Handler)
    CPU_IntDisMeasMaxCurGet                  0x08000381   Thumb Code    24  cpu_core.o(i.CPU_IntDisMeasMaxCurGet)
    CPU_IntDisMeasMaxCurReset                0x0800039d   Thumb Code    26  cpu_core.o(i.CPU_IntDisMeasMaxCurReset)
    CPU_IntDisMeasStart                      0x080003bd   Thumb Code    28  cpu_core.o(i.CPU_IntDisMeasStart)
    CPU_IntDisMeasStop                       0x080003dd   Thumb Code    44  cpu_core.o(i.CPU_IntDisMeasStop)
    CPU_TS_TmrRd                             0x0800040d   Thumb Code     6  bsp.o(i.CPU_TS_TmrRd)
    DMA1_Channel3_IRQHandler                 0x08000419   Thumb Code     6  stm32l4xx_it.o(i.DMA1_Channel3_IRQHandler)
    DebugMon_Handler                         0x08000425   Thumb Code     2  stm32l4xx_it.o(i.DebugMon_Handler)
    EXTI15_10_IRQHandler                     0x08000427   Thumb Code     8  stm32l4xx_it.o(i.EXTI15_10_IRQHandler)
    EXTI1_IRQHandler                         0x0800042f   Thumb Code     6  stm32l4xx_it.o(i.EXTI1_IRQHandler)
    Error_Handler                            0x08000435   Thumb Code     2  main.o(i.Error_Handler)
    HAL_DMA_Abort_IT                         0x08000437   Thumb Code    78  stm32l4xx_hal_dma.o(i.HAL_DMA_Abort_IT)
    HAL_DMA_IRQHandler                       0x08000485   Thumb Code   186  stm32l4xx_hal_dma.o(i.HAL_DMA_IRQHandler)
    HAL_DMA_Init                             0x08000541   Thumb Code   178  stm32l4xx_hal_dma.o(i.HAL_DMA_Init)
    HAL_GPIO_EXTI_Callback                   0x08000601   Thumb Code     2  stm32l4xx_hal_gpio.o(i.HAL_GPIO_EXTI_Callback)
    HAL_GPIO_EXTI_IRQHandler                 0x08000605   Thumb Code    18  stm32l4xx_hal_gpio.o(i.HAL_GPIO_EXTI_IRQHandler)
    HAL_GPIO_Init                            0x0800061d   Thumb Code   414  stm32l4xx_hal_gpio.o(i.HAL_GPIO_Init)
    HAL_GPIO_WritePin                        0x080007e7   Thumb Code    10  stm32l4xx_hal_gpio.o(i.HAL_GPIO_WritePin)
    HAL_GetTick                              0x080007f1   Thumb Code     6  stm32l4xx_hal.o(i.HAL_GetTick)
    HAL_I2CEx_ConfigAnalogFilter             0x080007fd   Thumb Code    86  stm32l4xx_hal_i2c_ex.o(i.HAL_I2CEx_ConfigAnalogFilter)
    HAL_I2CEx_ConfigDigitalFilter            0x08000853   Thumb Code    82  stm32l4xx_hal_i2c_ex.o(i.HAL_I2CEx_ConfigDigitalFilter)
    HAL_I2C_AbortCpltCallback                0x080008a5   Thumb Code     2  stm32l4xx_hal_i2c.o(i.HAL_I2C_AbortCpltCallback)
    HAL_I2C_AddrCallback                     0x080008a7   Thumb Code     2  stm32l4xx_hal_i2c.o(i.HAL_I2C_AddrCallback)
    HAL_I2C_ER_IRQHandler                    0x080008a9   Thumb Code   104  stm32l4xx_hal_i2c.o(i.HAL_I2C_ER_IRQHandler)
    HAL_I2C_EV_IRQHandler                    0x08000911   Thumb Code    16  stm32l4xx_hal_i2c.o(i.HAL_I2C_EV_IRQHandler)
    HAL_I2C_ErrorCallback                    0x08000921   Thumb Code     2  stm32l4xx_hal_i2c.o(i.HAL_I2C_ErrorCallback)
    HAL_I2C_Init                             0x08000925   Thumb Code   178  stm32l4xx_hal_i2c.o(i.HAL_I2C_Init)
    HAL_I2C_ListenCpltCallback               0x080009dd   Thumb Code     2  stm32l4xx_hal_i2c.o(i.HAL_I2C_ListenCpltCallback)
    HAL_I2C_MspInit                          0x080009e1   Thumb Code   204  i2c.o(i.HAL_I2C_MspInit)
    HAL_I2C_SlaveRxCpltCallback              0x08000abd   Thumb Code     2  stm32l4xx_hal_i2c.o(i.HAL_I2C_SlaveRxCpltCallback)
    HAL_I2C_SlaveTxCpltCallback              0x08000abf   Thumb Code     2  stm32l4xx_hal_i2c.o(i.HAL_I2C_SlaveTxCpltCallback)
    HAL_IWDG_Init                            0x08000ac1   Thumb Code    94  stm32l4xx_hal_iwdg.o(i.HAL_IWDG_Init)
    HAL_IncTick                              0x08000b21   Thumb Code    12  stm32l4xx_hal.o(i.HAL_IncTick)
    HAL_Init                                 0x08000b31   Thumb Code    30  stm32l4xx_hal.o(i.HAL_Init)
    HAL_InitTick                             0x08000b51   Thumb Code   112  stm32l4xx_hal_timebase_tim_template.o(i.HAL_InitTick)
    HAL_MspInit                              0x08000bd1   Thumb Code    38  stm32l4xx_hal_msp.o(i.HAL_MspInit)
    HAL_NVIC_EnableIRQ                       0x08000bfd   Thumb Code    26  stm32l4xx_hal_cortex.o(i.HAL_NVIC_EnableIRQ)
    HAL_NVIC_SetPriority                     0x08000c19   Thumb Code    60  stm32l4xx_hal_cortex.o(i.HAL_NVIC_SetPriority)
    HAL_NVIC_SetPriorityGrouping             0x08000c59   Thumb Code    26  stm32l4xx_hal_cortex.o(i.HAL_NVIC_SetPriorityGrouping)
    HAL_PWREx_ControlVoltageScaling          0x08000c7d   Thumb Code    90  stm32l4xx_hal_pwr_ex.o(i.HAL_PWREx_ControlVoltageScaling)
    HAL_PWREx_GetVoltageRange                0x08000ce5   Thumb Code    10  stm32l4xx_hal_pwr_ex.o(i.HAL_PWREx_GetVoltageRange)
    HAL_RCCEx_PeriphCLKConfig                0x08000cf5   Thumb Code   928  stm32l4xx_hal_rcc_ex.o(i.HAL_RCCEx_PeriphCLKConfig)
    HAL_RCC_ClockConfig                      0x080010a5   Thumb Code   266  stm32l4xx_hal_rcc.o(i.HAL_RCC_ClockConfig)
    HAL_RCC_GetClockConfig                   0x080011c5   Thumb Code    54  stm32l4xx_hal_rcc.o(i.HAL_RCC_GetClockConfig)
    HAL_RCC_GetPCLK1Freq                     0x08001205   Thumb Code    24  stm32l4xx_hal_rcc.o(i.HAL_RCC_GetPCLK1Freq)
    HAL_RCC_GetPCLK2Freq                     0x08001229   Thumb Code    24  stm32l4xx_hal_rcc.o(i.HAL_RCC_GetPCLK2Freq)
    HAL_RCC_GetSysClockFreq                  0x0800124d   Thumb Code   150  stm32l4xx_hal_rcc.o(i.HAL_RCC_GetSysClockFreq)
    HAL_RCC_OscConfig                        0x080012f1   Thumb Code  1242  stm32l4xx_hal_rcc.o(i.HAL_RCC_OscConfig)
    HAL_RTC_Init                             0x080017d1   Thumb Code   150  stm32l4xx_hal_rtc.o(i.HAL_RTC_Init)
    HAL_RTC_MspInit                          0x0800186d   Thumb Code    22  rtc.o(i.HAL_RTC_MspInit)
    HAL_RTC_WaitForSynchro                   0x0800188d   Thumb Code    54  stm32l4xx_hal_rtc.o(i.HAL_RTC_WaitForSynchro)
    HAL_SPI_Init                             0x080018c3   Thumb Code   172  stm32l4xx_hal_spi.o(i.HAL_SPI_Init)
    HAL_SPI_MspInit                          0x08001971   Thumb Code   184  spi.o(i.HAL_SPI_MspInit)
    HAL_TIMEx_Break2Callback                 0x08001a39   Thumb Code     2  stm32l4xx_hal_tim_ex.o(i.HAL_TIMEx_Break2Callback)
    HAL_TIMEx_BreakCallback                  0x08001a3b   Thumb Code     2  stm32l4xx_hal_tim_ex.o(i.HAL_TIMEx_BreakCallback)
    HAL_TIMEx_CommutCallback                 0x08001a3d   Thumb Code     2  stm32l4xx_hal_tim_ex.o(i.HAL_TIMEx_CommutCallback)
    HAL_TIMEx_MasterConfigSynchronization    0x08001a41   Thumb Code    88  stm32l4xx_hal_tim_ex.o(i.HAL_TIMEx_MasterConfigSynchronization)
    HAL_TIM_Base_Init                        0x08001aa1   Thumb Code    54  stm32l4xx_hal_tim.o(i.HAL_TIM_Base_Init)
    HAL_TIM_Base_MspInit                     0x08001ad9   Thumb Code    50  tim.o(i.HAL_TIM_Base_MspInit)
    HAL_TIM_Base_Start_IT                    0x08001b15   Thumb Code    40  stm32l4xx_hal_tim.o(i.HAL_TIM_Base_Start_IT)
    HAL_TIM_ConfigClockSource                0x08001b41   Thumb Code   214  stm32l4xx_hal_tim.o(i.HAL_TIM_ConfigClockSource)
    HAL_TIM_IC_CaptureCallback               0x08001c1d   Thumb Code     2  stm32l4xx_hal_tim.o(i.HAL_TIM_IC_CaptureCallback)
    HAL_TIM_IRQHandler                       0x08001c1f   Thumb Code   388  stm32l4xx_hal_tim.o(i.HAL_TIM_IRQHandler)
    HAL_TIM_OC_DelayElapsedCallback          0x08001da3   Thumb Code     2  stm32l4xx_hal_tim.o(i.HAL_TIM_OC_DelayElapsedCallback)
    HAL_TIM_PWM_PulseFinishedCallback        0x08001da5   Thumb Code     2  stm32l4xx_hal_tim.o(i.HAL_TIM_PWM_PulseFinishedCallback)
    HAL_TIM_PeriodElapsedCallback            0x08001da7   Thumb Code     4  stm32l4xx_hal_timebase_tim_template.o(i.HAL_TIM_PeriodElapsedCallback)
    HAL_TIM_TriggerCallback                  0x08001dab   Thumb Code     2  stm32l4xx_hal_tim.o(i.HAL_TIM_TriggerCallback)
    HAL_UARTEx_WakeupCallback                0x08001dad   Thumb Code     2  stm32l4xx_hal_uart_ex.o(i.HAL_UARTEx_WakeupCallback)
    HAL_UART_ErrorCallback                   0x08001daf   Thumb Code     2  stm32l4xx_hal_uart_s.o(i.HAL_UART_ErrorCallback)
    HAL_UART_IRQHandler                      0x08001db1   Thumb Code   352  stm32l4xx_hal_uart_s.o(i.HAL_UART_IRQHandler)
    HAL_UART_Init                            0x08001f19   Thumb Code   102  stm32l4xx_hal_uart_s.o(i.HAL_UART_Init)
    HAL_UART_MspInit                         0x08001f81   Thumb Code   376  usart.o(i.HAL_UART_MspInit)
    HAL_UART_TxCpltCallback                  0x08002119   Thumb Code     2  stm32l4xx_hal_uart_s.o(i.HAL_UART_TxCpltCallback)
    HardFault_Handler                        0x0800211b   Thumb Code     2  stm32l4xx_it.o(i.HardFault_Handler)
    I2C1_ER_IRQHandler                       0x0800211d   Thumb Code     6  stm32l4xx_it.o(i.I2C1_ER_IRQHandler)
    I2C1_EV_IRQHandler                       0x08002129   Thumb Code     6  stm32l4xx_it.o(i.I2C1_EV_IRQHandler)
    I2C2_ER_IRQHandler                       0x08002135   Thumb Code     6  stm32l4xx_it.o(i.I2C2_ER_IRQHandler)
    I2C2_EV_IRQHandler                       0x08002141   Thumb Code     6  stm32l4xx_it.o(i.I2C2_EV_IRQHandler)
    MX_DMA_Init                              0x08002621   Thumb Code    40  dma.o(i.MX_DMA_Init)
    MX_GPIO_Init                             0x0800264d   Thumb Code   336  gpio.o(i.MX_GPIO_Init)
    MX_I2C1_Init                             0x080027b5   Thumb Code    76  i2c.o(i.MX_I2C1_Init)
    MX_I2C2_Init                             0x0800280d   Thumb Code    76  i2c.o(i.MX_I2C2_Init)
    MX_IWDG_Init                             0x08002865   Thumb Code    38  iwdg.o(i.MX_IWDG_Init)
    MX_RTC_Init                              0x08002895   Thumb Code    46  rtc.o(i.MX_RTC_Init)
    MX_SPI1_Init                             0x080028cd   Thumb Code    70  spi.o(i.MX_SPI1_Init)
    MX_SPI2_Init                             0x0800291d   Thumb Code    74  spi.o(i.MX_SPI2_Init)
    MX_TIM3_Init                             0x08002971   Thumb Code    96  tim.o(i.MX_TIM3_Init)
    MX_UART4_Init                            0x080029d9   Thumb Code    52  usart.o(i.MX_UART4_Init)
    MX_USART1_UART_Init                      0x08002a15   Thumb Code    52  usart.o(i.MX_USART1_UART_Init)
    MX_USART2_UART_Init                      0x08002a51   Thumb Code    52  usart.o(i.MX_USART2_UART_Init)
    MX_USART3_UART_Init                      0x08002a8d   Thumb Code    52  usart.o(i.MX_USART3_UART_Init)
    MemManage_Handler                        0x08002ac9   Thumb Code     2  stm32l4xx_it.o(i.MemManage_Handler)
    NMI_Handler                              0x08002acb   Thumb Code     2  stm32l4xx_it.o(i.NMI_Handler)
    OSIntExit                                0x08002acd   Thumb Code   108  os_core.o(i.OSIntExit)
    OSTaskSwHook                             0x08002b5d   Thumb Code    86  os_cpu_c.o(i.OSTaskSwHook)
    OSTimeTick                               0x08002bc5   Thumb Code    52  os_time.o(i.OSTimeTick)
    OSTimeTickHook                           0x08002c05   Thumb Code    12  os_cpu_c.o(i.OSTimeTickHook)
    OS_CPU_SysTickHandler                    0x08002c15   Thumb Code    42  os_cpu_c.o(i.OS_CPU_SysTickHandler)
    OS_IntQPost                              0x08002c45   Thumb Code   148  os_int.o(i.OS_IntQPost)
    OS_PrioGetHighest                        0x08002d09   Thumb Code    32  os_prio.o(i.OS_PrioGetHighest)
    OS_PrioInsert                            0x08002d2d   Thumb Code    28  os_prio.o(i.OS_PrioInsert)
    RTC_EnterInitMode                        0x08002ffd   Thumb Code    70  stm32l4xx_hal_rtc.o(i.RTC_EnterInitMode)
    RTC_ExitInitMode                         0x08003045   Thumb Code    82  stm32l4xx_hal_rtc.o(i.RTC_ExitInitMode)
    SVC_Handler                              0x0800309d   Thumb Code     2  stm32l4xx_it.o(i.SVC_Handler)
    SystemClock_Config                       0x080030a1   Thumb Code   128  main.o(i.SystemClock_Config)
    SystemInit                               0x08003125   Thumb Code    56  system_stm32l4xx_1.o(i.SystemInit)
    TIM3_IRQHandler                          0x08003169   Thumb Code     6  stm32l4xx_it.o(i.TIM3_IRQHandler)
    TIM6_DAC_IRQHandler                      0x08003175   Thumb Code     6  stm32l4xx_hal_timebase_tim_template.o(i.TIM6_DAC_IRQHandler)
    TIM_Base_SetConfig                       0x08003181   Thumb Code   160  stm32l4xx_hal_tim.o(i.TIM_Base_SetConfig)
    TIM_ETR_SetConfig                        0x08003241   Thumb Code    20  stm32l4xx_hal_tim.o(i.TIM_ETR_SetConfig)
    UART4_IRQHandler                         0x080032ad   Thumb Code     6  stm32l4xx_it.o(i.UART4_IRQHandler)
    UART_AdvFeatureConfig                    0x080032b9   Thumb Code   200  stm32l4xx_hal_uart_s.o(i.UART_AdvFeatureConfig)
    UART_CheckIdleState                      0x08003381   Thumb Code    90  stm32l4xx_hal_uart_s.o(i.UART_CheckIdleState)
    UART_SetConfig                           0x0800340d   Thumb Code   622  stm32l4xx_hal_uart_s.o(i.UART_SetConfig)
    UART_WaitOnFlagUntilTimeout              0x080036ad   Thumb Code    96  stm32l4xx_hal_uart_s.o(i.UART_WaitOnFlagUntilTimeout)
    USART1_IRQHandler                        0x0800370d   Thumb Code     6  stm32l4xx_it.o(i.USART1_IRQHandler)
    USART2_IRQHandler                        0x08003719   Thumb Code     6  stm32l4xx_it.o(i.USART2_IRQHandler)
    USART3_IRQHandler                        0x08003725   Thumb Code     6  stm32l4xx_it.o(i.USART3_IRQHandler)
    UsageFault_Handler                       0x08003731   Thumb Code     2  stm32l4xx_it.o(i.UsageFault_Handler)
    __scatterload_copy                       0x08003753   Thumb Code    14  handlers.o(i.__scatterload_copy)
    __scatterload_null                       0x08003761   Thumb Code     2  handlers.o(i.__scatterload_null)
    __scatterload_zeroinit                   0x08003763   Thumb Code    14  handlers.o(i.__scatterload_zeroinit)
    main                                     0x08003771   Thumb Code    62  main.o(i.main)
    OSCfg_IntQSize                           0x080037ae   Data           2  os_cfg_app.o(.constdata)
    AHBPrescTable                            0x080037b0   Data          16  system_stm32l4xx_1.o(.constdata)
    MSIRangeTable                            0x080037c0   Data          48  system_stm32l4xx_1.o(.constdata)
    APBPrescTable                            0x080037f0   Data           8  system_stm32l4xx_1.o(.constdata)
    Region$$Table$$Base                      0x080037f8   Number         0  anon$$obj.o(Region$$Table)
    Region$$Table$$Limit                     0x08003818   Number         0  anon$$obj.o(Region$$Table)
    terrorflags                              0x20000000   Data           4  stm32l4xx_hal_uart_s.o(.data)
    uwTickPrio                               0x20000004   Data           4  stm32l4xx_hal.o(.data)
    uwTickFreq                               0x20000008   Data           4  stm32l4xx_hal.o(.data)
    uwTick                                   0x2000000c   Data           4  stm32l4xx_hal.o(.data)
    CPU_IntDisMeasCtr                        0x20000010   Data           2  cpu_core.o(.data)
    CPU_IntDisNestCtr                        0x20000012   Data           2  cpu_core.o(.data)
    CPU_TS_TmrFreq_Hz                        0x20000014   Data           4  cpu_core.o(.data)
    CPU_IntDisMeasStart_cnts                 0x20000018   Data           4  cpu_core.o(.data)
    CPU_IntDisMeasStop_cnts                  0x2000001c   Data           4  cpu_core.o(.data)
    CPU_IntDisMeasOvrhd_cnts                 0x20000020   Data           4  cpu_core.o(.data)
    CPU_IntDisMeasMaxCur_cnts                0x20000024   Data           4  cpu_core.o(.data)
    CPU_IntDisMeasMax_cnts                   0x20000028   Data           4  cpu_core.o(.data)
    OS_CPU_ExceptStkBase                     0x2000002c   Data           4  os_cpu_c.o(.data)
    OSPrioTbl                                0x20000030   Data           4  os_prio.o(.data)
    OS_AppTaskSwHookPtr                      0x20000034   Data           4  os_var.o(.data)
    OS_AppTimeTickHookPtr                    0x20000038   Data           4  os_var.o(.data)
    OSIntNestingCtr                          0x2000003c   Data           1  os_var.o(.data)
    OSRunning                                0x2000003d   Data           1  os_var.o(.data)
    OSIntQInPtr                              0x20000040   Data           4  os_var.o(.data)
    OSIntQNbrEntries                         0x20000044   Data           2  os_var.o(.data)
    OSIntQNbrEntriesMax                      0x20000046   Data           2  os_var.o(.data)
    OSIntQOvfCtr                             0x20000048   Data           2  os_var.o(.data)
    OSPrioCur                                0x2000004a   Data           1  os_var.o(.data)
    OSPrioHighRdy                            0x2000004b   Data           1  os_var.o(.data)
    OSPrioSaved                              0x2000004c   Data           1  os_var.o(.data)
    OSSchedLockTimeMaxCur                    0x20000050   Data           4  os_var.o(.data)
    OSSchedLockNestingCtr                    0x20000054   Data           1  os_var.o(.data)
    OSTaskCtxSwCtr                           0x20000058   Data           4  os_var.o(.data)
    OSTCBCurPtr                              0x2000005c   Data           4  os_var.o(.data)
    OSTCBHighRdyPtr                          0x20000060   Data           4  os_var.o(.data)
    SystemCoreClock                          0x20000064   Data           4  system_stm32l4xx_1.o(.data)
    hi2c1                                    0x20000068   Data          76  i2c.o(.bss)
    hi2c2                                    0x200000b4   Data          76  i2c.o(.bss)
    hiwdg                                    0x20000100   Data          16  iwdg.o(.bss)
    hrtc                                     0x20000110   Data          36  rtc.o(.bss)
    hspi1                                    0x20000134   Data         100  spi.o(.bss)
    hspi2                                    0x20000198   Data         100  spi.o(.bss)
    huart4                                   0x200001fc   Data         132  usart.o(.bss)
    huart1                                   0x20000280   Data         132  usart.o(.bss)
    huart2                                   0x20000304   Data         132  usart.o(.bss)
    huart3                                   0x20000388   Data         132  usart.o(.bss)
    hdma_usart3_rx                           0x2000040c   Data          72  usart.o(.bss)
    htim3                                    0x20000454   Data          64  tim.o(.bss)
    TimHandle                                0x20000494   Data          64  stm32l4xx_hal_timebase_tim_template.o(.bss)
    OSIntQTaskTCB                            0x200004d4   Data         200  os_var.o(.bss)
    OSRdyList                                0x2000059c   Data         384  os_var.o(.bss)
    __initial_sp                             0x20001720   Data           0  startup_stm32l476xxo.o(STACK)



==============================================================================

Memory Map of the image

  Image Entry point : 0x08000189

  Load Region LR_IROM1 (Base: 0x08000000, Size: 0x00003880, Max: 0x00100000, ABSOLUTE)

    Execution Region ER_IROM1 (Exec base: 0x08000000, Load base: 0x08000000, Size: 0x00003818, Max: 0x00100000, ABSOLUTE)

    Exec Addr    Load Addr    Size         Type   Attr      Idx    E Section Name        Object

    0x08000000   0x08000000   0x00000188   Data   RO         1298    RESET               startup_stm32l476xxo.o
    0x08000188   0x08000188   0x00000000   Code   RO         1311  * .ARM.Collect$$$$00000000  mc_w.l(entry.o)
    0x08000188   0x08000188   0x00000004   Code   RO         1455    .ARM.Collect$$$$00000001  mc_w.l(entry2.o)
    0x0800018c   0x0800018c   0x00000004   Code   RO         1458    .ARM.Collect$$$$00000004  mc_w.l(entry5.o)
    0x08000190   0x08000190   0x00000000   Code   RO         1460    .ARM.Collect$$$$00000008  mc_w.l(entry7b.o)
    0x08000190   0x08000190   0x00000000   Code   RO         1462    .ARM.Collect$$$$0000000A  mc_w.l(entry8b.o)
    0x08000190   0x08000190   0x00000008   Code   RO         1463    .ARM.Collect$$$$0000000B  mc_w.l(entry9a.o)
    0x08000198   0x08000198   0x00000000   Code   RO         1465    .ARM.Collect$$$$0000000D  mc_w.l(entry10a.o)
    0x08000198   0x08000198   0x00000000   Code   RO         1467    .ARM.Collect$$$$0000000F  mc_w.l(entry11a.o)
    0x08000198   0x08000198   0x00000004   Code   RO         1456    .ARM.Collect$$$$00002712  mc_w.l(entry2.o)
    0x0800019c   0x0800019c   0x00000034   Code   RO          923    .text               cpu_a.o
    0x080001d0   0x080001d0   0x00000024   Code   RO         1299    .text               startup_stm32l476xxo.o
    0x080001f4   0x080001f4   0x00000068   Code   RO         1314    .text               mc_w.l(uldiv.o)
    0x0800025c   0x0800025c   0x00000024   Code   RO         1317    .text               mc_w.l(memseta.o)
    0x08000280   0x08000280   0x0000001e   Code   RO         1471    .text               mc_w.l(llshl.o)
    0x0800029e   0x0800029e   0x00000020   Code   RO         1472    .text               mc_w.l(llushr.o)
    0x080002be   0x080002be   0x00000002   PAD
    0x080002c0   0x080002c0   0x00000024   Code   RO         1478    .text               mc_w.l(init.o)
    0x080002e4   0x080002e4   0x00000084   Code   RO          998    CODE                os_cpu_a.o
    0x08000368   0x08000368   0x00000002   Code   RO           68    i.BusFault_Handler  stm32l4xx_it.o
    0x0800036a   0x0800036a   0x00000002   PAD
    0x0800036c   0x0800036c   0x00000014   Code   RO          906    i.CPU_IntDisMeasMaxCalc  cpu_core.o
    0x08000380   0x08000380   0x0000001c   Code   RO          907    i.CPU_IntDisMeasMaxCurGet  cpu_core.o
    0x0800039c   0x0800039c   0x00000020   Code   RO          908    i.CPU_IntDisMeasMaxCurReset  cpu_core.o
    0x080003bc   0x080003bc   0x00000020   Code   RO          910    i.CPU_IntDisMeasStart  cpu_core.o
    0x080003dc   0x080003dc   0x00000030   Code   RO          911    i.CPU_IntDisMeasStop  cpu_core.o
    0x0800040c   0x0800040c   0x0000000c   Code   RO          175    i.CPU_TS_TmrRd      bsp.o
    0x08000418   0x08000418   0x0000000c   Code   RO           69    i.DMA1_Channel3_IRQHandler  stm32l4xx_it.o
    0x08000424   0x08000424   0x00000002   Code   RO           70    i.DebugMon_Handler  stm32l4xx_it.o
    0x08000426   0x08000426   0x00000008   Code   RO           71    i.EXTI15_10_IRQHandler  stm32l4xx_it.o
    0x0800042e   0x0800042e   0x00000006   Code   RO           72    i.EXTI1_IRQHandler  stm32l4xx_it.o
    0x08000434   0x08000434   0x00000002   Code   RO           20    i.Error_Handler     main.o
    0x08000436   0x08000436   0x0000004e   Code   RO          638    i.HAL_DMA_Abort_IT  stm32l4xx_hal_dma.o
    0x08000484   0x08000484   0x000000ba   Code   RO          642    i.HAL_DMA_IRQHandler  stm32l4xx_hal_dma.o
    0x0800053e   0x0800053e   0x00000002   PAD
    0x08000540   0x08000540   0x000000c0   Code   RO          643    i.HAL_DMA_Init      stm32l4xx_hal_dma.o
    0x08000600   0x08000600   0x00000002   Code   RO          626    i.HAL_GPIO_EXTI_Callback  stm32l4xx_hal_gpio.o
    0x08000602   0x08000602   0x00000002   PAD
    0x08000604   0x08000604   0x00000018   Code   RO          627    i.HAL_GPIO_EXTI_IRQHandler  stm32l4xx_hal_gpio.o
    0x0800061c   0x0800061c   0x000001ca   Code   RO          628    i.HAL_GPIO_Init     stm32l4xx_hal_gpio.o
    0x080007e6   0x080007e6   0x0000000a   Code   RO          632    i.HAL_GPIO_WritePin  stm32l4xx_hal_gpio.o
    0x080007f0   0x080007f0   0x0000000c   Code   RO          466    i.HAL_GetTick       stm32l4xx_hal.o
    0x080007fc   0x080007fc   0x00000056   Code   RO          575    i.HAL_I2CEx_ConfigAnalogFilter  stm32l4xx_hal_i2c_ex.o
    0x08000852   0x08000852   0x00000052   Code   RO          576    i.HAL_I2CEx_ConfigDigitalFilter  stm32l4xx_hal_i2c_ex.o
    0x080008a4   0x080008a4   0x00000002   Code   RO          494    i.HAL_I2C_AbortCpltCallback  stm32l4xx_hal_i2c.o
    0x080008a6   0x080008a6   0x00000002   Code   RO          495    i.HAL_I2C_AddrCallback  stm32l4xx_hal_i2c.o
    0x080008a8   0x080008a8   0x00000068   Code   RO          498    i.HAL_I2C_ER_IRQHandler  stm32l4xx_hal_i2c.o
    0x08000910   0x08000910   0x00000010   Code   RO          499    i.HAL_I2C_EV_IRQHandler  stm32l4xx_hal_i2c.o
    0x08000920   0x08000920   0x00000002   Code   RO          501    i.HAL_I2C_ErrorCallback  stm32l4xx_hal_i2c.o
    0x08000922   0x08000922   0x00000002   PAD
    0x08000924   0x08000924   0x000000b8   Code   RO          505    i.HAL_I2C_Init      stm32l4xx_hal_i2c.o
    0x080009dc   0x080009dc   0x00000002   Code   RO          507    i.HAL_I2C_ListenCpltCallback  stm32l4xx_hal_i2c.o
    0x080009de   0x080009de   0x00000002   PAD
    0x080009e0   0x080009e0   0x000000dc   Code   RO           31    i.HAL_I2C_MspInit   i2c.o
    0x08000abc   0x08000abc   0x00000002   Code   RO          531    i.HAL_I2C_SlaveRxCpltCallback  stm32l4xx_hal_i2c.o
    0x08000abe   0x08000abe   0x00000002   Code   RO          532    i.HAL_I2C_SlaveTxCpltCallback  stm32l4xx_hal_i2c.o
    0x08000ac0   0x08000ac0   0x0000005e   Code   RO          885    i.HAL_IWDG_Init     stm32l4xx_hal_iwdg.o
    0x08000b1e   0x08000b1e   0x00000002   PAD
    0x08000b20   0x08000b20   0x00000010   Code   RO          472    i.HAL_IncTick       stm32l4xx_hal.o
    0x08000b30   0x08000b30   0x0000001e   Code   RO          473    i.HAL_Init          stm32l4xx_hal.o
    0x08000b4e   0x08000b4e   0x00000002   PAD
    0x08000b50   0x08000b50   0x00000080   Code   RO          890    i.HAL_InitTick      stm32l4xx_hal_timebase_tim_template.o
    0x08000bd0   0x08000bd0   0x0000002c   Code   RO           92    i.HAL_MspInit       stm32l4xx_hal_msp.o
    0x08000bfc   0x08000bfc   0x0000001a   Code   RO          720    i.HAL_NVIC_EnableIRQ  stm32l4xx_hal_cortex.o
    0x08000c16   0x08000c16   0x00000002   PAD
    0x08000c18   0x08000c18   0x00000040   Code   RO          726    i.HAL_NVIC_SetPriority  stm32l4xx_hal_cortex.o
    0x08000c58   0x08000c58   0x00000024   Code   RO          727    i.HAL_NVIC_SetPriorityGrouping  stm32l4xx_hal_cortex.o
    0x08000c7c   0x08000c7c   0x00000068   Code   RO          675    i.HAL_PWREx_ControlVoltageScaling  stm32l4xx_hal_pwr_ex.o
    0x08000ce4   0x08000ce4   0x00000010   Code   RO          706    i.HAL_PWREx_GetVoltageRange  stm32l4xx_hal_pwr_ex.o
    0x08000cf4   0x08000cf4   0x000003ae   Code   RO          616    i.HAL_RCCEx_PeriphCLKConfig  stm32l4xx_hal_rcc_ex.o
    0x080010a2   0x080010a2   0x00000002   PAD
    0x080010a4   0x080010a4   0x00000120   Code   RO          585    i.HAL_RCC_ClockConfig  stm32l4xx_hal_rcc.o
    0x080011c4   0x080011c4   0x00000040   Code   RO          588    i.HAL_RCC_GetClockConfig  stm32l4xx_hal_rcc.o
    0x08001204   0x08001204   0x00000024   Code   RO          591    i.HAL_RCC_GetPCLK1Freq  stm32l4xx_hal_rcc.o
    0x08001228   0x08001228   0x00000024   Code   RO          592    i.HAL_RCC_GetPCLK2Freq  stm32l4xx_hal_rcc.o
    0x0800124c   0x0800124c   0x000000a4   Code   RO          593    i.HAL_RCC_GetSysClockFreq  stm32l4xx_hal_rcc.o
    0x080012f0   0x080012f0   0x000004e0   Code   RO          596    i.HAL_RCC_OscConfig  stm32l4xx_hal_rcc.o
    0x080017d0   0x080017d0   0x0000009c   Code   RO          829    i.HAL_RTC_Init      stm32l4xx_hal_rtc.o
    0x0800186c   0x0800186c   0x00000020   Code   RO           44    i.HAL_RTC_MspInit   rtc.o
    0x0800188c   0x0800188c   0x00000036   Code   RO          837    i.HAL_RTC_WaitForSynchro  stm32l4xx_hal_rtc.o
    0x080018c2   0x080018c2   0x000000ac   Code   RO          769    i.HAL_SPI_Init      stm32l4xx_hal_spi.o
    0x0800196e   0x0800196e   0x00000002   PAD
    0x08001970   0x08001970   0x000000c8   Code   RO           51    i.HAL_SPI_MspInit   spi.o
    0x08001a38   0x08001a38   0x00000002   Code   RO          410    i.HAL_TIMEx_Break2Callback  stm32l4xx_hal_tim_ex.o
    0x08001a3a   0x08001a3a   0x00000002   Code   RO          411    i.HAL_TIMEx_BreakCallback  stm32l4xx_hal_tim_ex.o
    0x08001a3c   0x08001a3c   0x00000002   Code   RO          412    i.HAL_TIMEx_CommutCallback  stm32l4xx_hal_tim_ex.o
    0x08001a3e   0x08001a3e   0x00000002   PAD
    0x08001a40   0x08001a40   0x00000060   Code   RO          431    i.HAL_TIMEx_MasterConfigSynchronization  stm32l4xx_hal_tim_ex.o
    0x08001aa0   0x08001aa0   0x00000036   Code   RO          295    i.HAL_TIM_Base_Init  stm32l4xx_hal_tim.o
    0x08001ad6   0x08001ad6   0x00000002   PAD
    0x08001ad8   0x08001ad8   0x0000003c   Code   RO          115    i.HAL_TIM_Base_MspInit  tim.o
    0x08001b14   0x08001b14   0x0000002c   Code   RO          300    i.HAL_TIM_Base_Start_IT  stm32l4xx_hal_tim.o
    0x08001b40   0x08001b40   0x000000dc   Code   RO          304    i.HAL_TIM_ConfigClockSource  stm32l4xx_hal_tim.o
    0x08001c1c   0x08001c1c   0x00000002   Code   RO          324    i.HAL_TIM_IC_CaptureCallback  stm32l4xx_hal_tim.o
    0x08001c1e   0x08001c1e   0x00000184   Code   RO          338    i.HAL_TIM_IRQHandler  stm32l4xx_hal_tim.o
    0x08001da2   0x08001da2   0x00000002   Code   RO          341    i.HAL_TIM_OC_DelayElapsedCallback  stm32l4xx_hal_tim.o
    0x08001da4   0x08001da4   0x00000002   Code   RO          368    i.HAL_TIM_PWM_PulseFinishedCallback  stm32l4xx_hal_tim.o
    0x08001da6   0x08001da6   0x00000004   Code   RO          893    i.HAL_TIM_PeriodElapsedCallback  stm32l4xx_hal_timebase_tim_template.o
    0x08001daa   0x08001daa   0x00000002   Code   RO          381    i.HAL_TIM_TriggerCallback  stm32l4xx_hal_tim.o
    0x08001dac   0x08001dac   0x00000002   Code   RO          289    i.HAL_UARTEx_WakeupCallback  stm32l4xx_hal_uart_ex.o
    0x08001dae   0x08001dae   0x00000002   Code   RO          212    i.HAL_UART_ErrorCallback  stm32l4xx_hal_uart_s.o
    0x08001db0   0x08001db0   0x00000168   Code   RO          215    i.HAL_UART_IRQHandler  stm32l4xx_hal_uart_s.o
    0x08001f18   0x08001f18   0x00000066   Code   RO          216    i.HAL_UART_Init     stm32l4xx_hal_uart_s.o
    0x08001f7e   0x08001f7e   0x00000002   PAD
    0x08001f80   0x08001f80   0x00000198   Code   RO           59    i.HAL_UART_MspInit  usart.o
    0x08002118   0x08002118   0x00000002   Code   RO          227    i.HAL_UART_TxCpltCallback  stm32l4xx_hal_uart_s.o
    0x0800211a   0x0800211a   0x00000002   Code   RO           73    i.HardFault_Handler  stm32l4xx_it.o
    0x0800211c   0x0800211c   0x0000000c   Code   RO           74    i.I2C1_ER_IRQHandler  stm32l4xx_it.o
    0x08002128   0x08002128   0x0000000c   Code   RO           75    i.I2C1_EV_IRQHandler  stm32l4xx_it.o
    0x08002134   0x08002134   0x0000000c   Code   RO           76    i.I2C2_ER_IRQHandler  stm32l4xx_it.o
    0x08002140   0x08002140   0x0000000c   Code   RO           77    i.I2C2_EV_IRQHandler  stm32l4xx_it.o
    0x0800214c   0x0800214c   0x00000028   Code   RO          544    i.I2C_DMAAbort      stm32l4xx_hal_i2c.o
    0x08002174   0x08002174   0x00000054   Code   RO          550    i.I2C_Disable_IRQ   stm32l4xx_hal_i2c.o
    0x080021c8   0x080021c8   0x00000022   Code   RO          552    i.I2C_Flush_TXDR    stm32l4xx_hal_i2c.o
    0x080021ea   0x080021ea   0x00000088   Code   RO          553    i.I2C_ITAddrCplt    stm32l4xx_hal_i2c.o
    0x08002272   0x08002272   0x00000002   PAD
    0x08002274   0x08002274   0x000000e0   Code   RO          554    i.I2C_ITError       stm32l4xx_hal_i2c.o
    0x08002354   0x08002354   0x00000060   Code   RO          555    i.I2C_ITListenCplt  stm32l4xx_hal_i2c.o
    0x080023b4   0x080023b4   0x000000f0   Code   RO          558    i.I2C_ITSlaveCplt   stm32l4xx_hal_i2c.o
    0x080024a4   0x080024a4   0x00000054   Code   RO          559    i.I2C_ITSlaveSeqCplt  stm32l4xx_hal_i2c.o
    0x080024f8   0x080024f8   0x00000128   Code   RO          566    i.I2C_Slave_ISR_IT  stm32l4xx_hal_i2c.o
    0x08002620   0x08002620   0x0000002c   Code   RO           96    i.MX_DMA_Init       dma.o
    0x0800264c   0x0800264c   0x00000168   Code   RO           26    i.MX_GPIO_Init      gpio.o
    0x080027b4   0x080027b4   0x00000058   Code   RO           32    i.MX_I2C1_Init      i2c.o
    0x0800280c   0x0800280c   0x00000058   Code   RO           33    i.MX_I2C2_Init      i2c.o
    0x08002864   0x08002864   0x00000030   Code   RO           38    i.MX_IWDG_Init      iwdg.o
    0x08002894   0x08002894   0x00000038   Code   RO           45    i.MX_RTC_Init       rtc.o
    0x080028cc   0x080028cc   0x00000050   Code   RO           52    i.MX_SPI1_Init      spi.o
    0x0800291c   0x0800291c   0x00000054   Code   RO           53    i.MX_SPI2_Init      spi.o
    0x08002970   0x08002970   0x00000068   Code   RO          116    i.MX_TIM3_Init      tim.o
    0x080029d8   0x080029d8   0x0000003c   Code   RO           60    i.MX_UART4_Init     usart.o
    0x08002a14   0x08002a14   0x0000003c   Code   RO           61    i.MX_USART1_UART_Init  usart.o
    0x08002a50   0x08002a50   0x0000003c   Code   RO           62    i.MX_USART2_UART_Init  usart.o
    0x08002a8c   0x08002a8c   0x0000003c   Code   RO           63    i.MX_USART3_UART_Init  usart.o
    0x08002ac8   0x08002ac8   0x00000002   Code   RO           78    i.MemManage_Handler  stm32l4xx_it.o
    0x08002aca   0x08002aca   0x00000002   Code   RO           79    i.NMI_Handler       stm32l4xx_it.o
    0x08002acc   0x08002acc   0x00000090   Code   RO         1065    i.OSIntExit         os_core.o
    0x08002b5c   0x08002b5c   0x00000068   Code   RO         1006    i.OSTaskSwHook      os_cpu_c.o
    0x08002bc4   0x08002bc4   0x00000040   Code   RO         1216    i.OSTimeTick        os_time.o
    0x08002c04   0x08002c04   0x00000010   Code   RO         1007    i.OSTimeTickHook    os_cpu_c.o
    0x08002c14   0x08002c14   0x00000030   Code   RO         1008    i.OS_CPU_SysTickHandler  os_cpu_c.o
    0x08002c44   0x08002c44   0x000000c2   Code   RO         1119    i.OS_IntQPost       os_int.o
    0x08002d06   0x08002d06   0x00000002   PAD
    0x08002d08   0x08002d08   0x00000024   Code   RO         1146    i.OS_PrioGetHighest  os_prio.o
    0x08002d2c   0x08002d2c   0x00000020   Code   RO         1148    i.OS_PrioInsert     os_prio.o
    0x08002d4c   0x08002d4c   0x0000012c   Code   RO          620    i.RCCEx_PLLSAI1_Config  stm32l4xx_hal_rcc_ex.o
    0x08002e78   0x08002e78   0x00000108   Code   RO          621    i.RCCEx_PLLSAI2_Config  stm32l4xx_hal_rcc_ex.o
    0x08002f80   0x08002f80   0x0000007c   Code   RO          597    i.RCC_SetFlashLatencyFromMSIRange  stm32l4xx_hal_rcc.o
    0x08002ffc   0x08002ffc   0x00000046   Code   RO          840    i.RTC_EnterInitMode  stm32l4xx_hal_rtc.o
    0x08003042   0x08003042   0x00000002   PAD
    0x08003044   0x08003044   0x00000058   Code   RO          841    i.RTC_ExitInitMode  stm32l4xx_hal_rtc.o
    0x0800309c   0x0800309c   0x00000002   Code   RO           81    i.SVC_Handler       stm32l4xx_it.o
    0x0800309e   0x0800309e   0x00000002   PAD
    0x080030a0   0x080030a0   0x00000084   Code   RO           21    i.SystemClock_Config  main.o
    0x08003124   0x08003124   0x00000044   Code   RO         1304    i.SystemInit        system_stm32l4xx_1.o
    0x08003168   0x08003168   0x0000000c   Code   RO           83    i.TIM3_IRQHandler   stm32l4xx_it.o
    0x08003174   0x08003174   0x0000000c   Code   RO          894    i.TIM6_DAC_IRQHandler  stm32l4xx_hal_timebase_tim_template.o
    0x08003180   0x08003180   0x000000c0   Code   RO          383    i.TIM_Base_SetConfig  stm32l4xx_hal_tim.o
    0x08003240   0x08003240   0x00000014   Code   RO          394    i.TIM_ETR_SetConfig  stm32l4xx_hal_tim.o
    0x08003254   0x08003254   0x00000010   Code   RO          395    i.TIM_ITRx_SetConfig  stm32l4xx_hal_tim.o
    0x08003264   0x08003264   0x00000022   Code   RO          403    i.TIM_TI1_ConfigInputStage  stm32l4xx_hal_tim.o
    0x08003286   0x08003286   0x00000024   Code   RO          405    i.TIM_TI2_ConfigInputStage  stm32l4xx_hal_tim.o
    0x080032aa   0x080032aa   0x00000002   PAD
    0x080032ac   0x080032ac   0x0000000c   Code   RO           84    i.UART4_IRQHandler  stm32l4xx_it.o
    0x080032b8   0x080032b8   0x000000c8   Code   RO          229    i.UART_AdvFeatureConfig  stm32l4xx_hal_uart_s.o
    0x08003380   0x08003380   0x0000005a   Code   RO          230    i.UART_CheckIdleState  stm32l4xx_hal_uart_s.o
    0x080033da   0x080033da   0x00000014   Code   RO          231    i.UART_DMAAbortOnError  stm32l4xx_hal_uart_s.o
    0x080033ee   0x080033ee   0x0000001e   Code   RO          241    i.UART_EndRxTransfer  stm32l4xx_hal_uart_s.o
    0x0800340c   0x0800340c   0x000002a0   Code   RO          245    i.UART_SetConfig    stm32l4xx_hal_uart_s.o
    0x080036ac   0x080036ac   0x00000060   Code   RO          248    i.UART_WaitOnFlagUntilTimeout  stm32l4xx_hal_uart_s.o
    0x0800370c   0x0800370c   0x0000000c   Code   RO           85    i.USART1_IRQHandler  stm32l4xx_it.o
    0x08003718   0x08003718   0x0000000c   Code   RO           86    i.USART2_IRQHandler  stm32l4xx_it.o
    0x08003724   0x08003724   0x0000000c   Code   RO           87    i.USART3_IRQHandler  stm32l4xx_it.o
    0x08003730   0x08003730   0x00000002   Code   RO           88    i.UsageFault_Handler  stm32l4xx_it.o
    0x08003732   0x08003732   0x00000020   Code   RO          733    i.__NVIC_SetPriority  stm32l4xx_hal_cortex.o
    0x08003752   0x08003752   0x0000000e   Code   RO         1481    i.__scatterload_copy  mc_w.l(handlers.o)
    0x08003760   0x08003760   0x00000002   Code   RO         1482    i.__scatterload_null  mc_w.l(handlers.o)
    0x08003762   0x08003762   0x0000000e   Code   RO         1483    i.__scatterload_zeroinit  mc_w.l(handlers.o)
    0x08003770   0x08003770   0x0000003e   Code   RO           22    i.main              main.o
    0x080037ae   0x080037ae   0x00000002   Data   RO         1027    .constdata          os_cfg_app.o
    0x080037b0   0x080037b0   0x00000040   Data   RO         1305    .constdata          system_stm32l4xx_1.o
    0x080037f0   0x080037f0   0x00000008   Data   RO         1306    .constdata          system_stm32l4xx_1.o
    0x080037f8   0x080037f8   0x00000020   Data   RO         1479    Region$$Table       anon$$obj.o


    Execution Region RW_IRAM1 (Exec base: 0x20000000, Load base: 0x08003818, Size: 0x00001720, Max: 0x00018000, ABSOLUTE)

    Exec Addr    Load Addr    Size         Type   Attr      Idx    E Section Name        Object

    0x20000000   0x08003818   0x00000004   Data   RW          249    .data               stm32l4xx_hal_uart_s.o
    0x20000004   0x0800381c   0x0000000c   Data   RW          490    .data               stm32l4xx_hal.o
    0x20000010   0x08003828   0x0000001c   Data   RW          922    .data               cpu_core.o
    0x2000002c   0x08003844   0x00000004   Data   RW         1010    .data               os_cpu_c.o
    0x20000030   0x08003848   0x00000004   Data   RW         1150    .data               os_prio.o
    0x20000034   0x0800384c   0x00000004   Data   RW         1243    .data               os_var.o
    0x20000038   0x08003850   0x00000004   Data   RW         1244    .data               os_var.o
    0x2000003c   0x08003854   0x00000001   Data   RW         1246    .data               os_var.o
    0x2000003d   0x08003855   0x00000001   Data   RW         1248    .data               os_var.o
    0x2000003e   0x08003856   0x00000002   PAD
    0x20000040   0x08003858   0x00000004   Data   RW         1249    .data               os_var.o
    0x20000044   0x0800385c   0x00000002   Data   RW         1251    .data               os_var.o
    0x20000046   0x0800385e   0x00000002   Data   RW         1252    .data               os_var.o
    0x20000048   0x08003860   0x00000002   Data   RW         1253    .data               os_var.o
    0x2000004a   0x08003862   0x00000001   Data   RW         1261    .data               os_var.o
    0x2000004b   0x08003863   0x00000001   Data   RW         1262    .data               os_var.o
    0x2000004c   0x08003864   0x00000001   Data   RW         1263    .data               os_var.o
    0x2000004d   0x08003865   0x00000003   PAD
    0x20000050   0x08003868   0x00000004   Data   RW         1268    .data               os_var.o
    0x20000054   0x0800386c   0x00000001   Data   RW         1269    .data               os_var.o
    0x20000055   0x0800386d   0x00000003   PAD
    0x20000058   0x08003870   0x00000004   Data   RW         1282    .data               os_var.o
    0x2000005c   0x08003874   0x00000004   Data   RW         1294    .data               os_var.o
    0x20000060   0x08003878   0x00000004   Data   RW         1295    .data               os_var.o
    0x20000064   0x0800387c   0x00000004   Data   RW         1307    .data               system_stm32l4xx_1.o
    0x20000068        -       0x00000098   Zero   RW           34    .bss                i2c.o
    0x20000100        -       0x00000010   Zero   RW           39    .bss                iwdg.o
    0x20000110        -       0x00000024   Zero   RW           46    .bss                rtc.o
    0x20000134        -       0x000000c8   Zero   RW           54    .bss                spi.o
    0x200001fc        -       0x00000258   Zero   RW           64    .bss                usart.o
    0x20000454        -       0x00000040   Zero   RW          117    .bss                tim.o
    0x20000494        -       0x00000040   Zero   RW          895    .bss                stm32l4xx_hal_timebase_tim_template.o
    0x200004d4        -       0x000000c8   Zero   RW         1232    .bss                os_var.o
    0x2000059c        -       0x00000180   Zero   RW         1234    .bss                os_var.o
    0x2000071c   0x08003880   0x00000004   PAD
    0x20000720        -       0x00001000   Zero   RW         1296    STACK               startup_stm32l476xxo.o


==============================================================================

Image component sizes


      Code (inc. data)   RO Data    RW Data    ZI Data      Debug   Object Name

        12          6          0          0          0          0   bsp.o
        52          0          0          0          0          0   cpu_a.o
       160         22          0         28          0          0   cpu_core.o
        44          4          0          0          0          0   dma.o
       360         24          0          0          0          0   gpio.o
       396         40          0          0        152          0   i2c.o
        48         10          0          0         16          0   iwdg.o
       196          4          0          0          0          0   main.o
         0          0          2          0          0          0   os_cfg_app.o
       144         36          0          0          0          0   os_core.o
       132         32          0          0          0          0   os_cpu_a.o
       168         28          0          4          0          0   os_cpu_c.o
       194         36          0          0          0          0   os_int.o
        68          8          0          4          0          0   os_prio.o
        64         12          0          0          0          0   os_time.o
         0          0          0         40        584          0   os_var.o
        88         20          0          0         36          0   rtc.o
       364         36          0          0        200          0   spi.o
        36          8        392          0       4096          0   startup_stm32l476xxo.o
        58         10          0         12          0          0   stm32l4xx_hal.o
       158         14          0          0          0          0   stm32l4xx_hal_cortex.o
       456         14          0          0          0          0   stm32l4xx_hal_dma.o
       494         44          0          0          0          0   stm32l4xx_hal_gpio.o
      1550         40          0          0          0          0   stm32l4xx_hal_i2c.o
       168          0          0          0          0          0   stm32l4xx_hal_i2c_ex.o
        94          0          0          0          0          0   stm32l4xx_hal_iwdg.o
        44          6          0          0          0          0   stm32l4xx_hal_msp.o
       120         20          0          0          0          0   stm32l4xx_hal_pwr_ex.o
      1960        108          0          0          0          0   stm32l4xx_hal_rcc.o
      1506         44          0          0          0          0   stm32l4xx_hal_rcc_ex.o
       368         12          0          0          0          0   stm32l4xx_hal_rtc.o
       172          0          0          0          0          0   stm32l4xx_hal_spi.o
      1012         42          0          0          0          0   stm32l4xx_hal_tim.o
       102          8          0          0          0          0   stm32l4xx_hal_tim_ex.o
       144         22          0          0         64          0   stm32l4xx_hal_timebase_tim_template.o
         2          0          0          0          0          0   stm32l4xx_hal_uart_ex.o
      1574         78          0          4          0          0   stm32l4xx_hal_uart_s.o
       148         60          0          0          0          0   stm32l4xx_it.o
        68         12         72          4          0          0   system_stm32l4xx_1.o
       164         18          0          0         64          0   tim.o
       648         64          0          0        600          0   usart.o

    ----------------------------------------------------------------------
     13572        942        498        104       5816          0   Object Totals
         0          0         32          0          0          0   (incl. Generated)
        36          0          0          8          4          0   (incl. Padding)

    ----------------------------------------------------------------------

      Code (inc. data)   RO Data    RW Data    ZI Data      Debug   Library Member Name

         0          0          0          0          0          0   entry.o
         0          0          0          0          0          0   entry10a.o
         0          0          0          0          0          0   entry11a.o
         8          4          0          0          0          0   entry2.o
         4          0          0          0          0          0   entry5.o
         0          0          0          0          0          0   entry7b.o
         0          0          0          0          0          0   entry8b.o
         8          4          0          0          0          0   entry9a.o
        30          0          0          0          0          0   handlers.o
        36          8          0          0          0          0   init.o
        30          0          0          0          0          0   llshl.o
        32          0          0          0          0          0   llushr.o
        36          0          0          0          0          0   memseta.o
       104          0          0          0          0          0   uldiv.o

    ----------------------------------------------------------------------
       290         16          0          0          0          0   Library Totals
         2          0          0          0          0          0   (incl. Padding)

    ----------------------------------------------------------------------

      Code (inc. data)   RO Data    RW Data    ZI Data      Debug   Library Name

       288         16          0          0          0          0   mc_w.l

    ----------------------------------------------------------------------
       290         16          0          0          0          0   Library Totals

    ----------------------------------------------------------------------

==============================================================================


      Code (inc. data)   RO Data    RW Data    ZI Data      Debug   

     13862        958        498        104       5816          0   Grand Totals
     13862        958        498        104       5816          0   ELF Image Totals
     13862        958        498        104          0          0   ROM Totals

==============================================================================

    Total RO  Size (Code + RO Data)                14360 (  14.02kB)
    Total RW  Size (RW Data + ZI Data)              5920 (   5.78kB)
    Total ROM Size (Code + RO Data + RW Data)      14464 (  14.13kB)

==============================================================================

